Archive member included       because of file (symbol)

/usr/local/openravenscar/lib/gcc-lib/sparc-ork-elf/2.8.1/adalib/libgnarl.a(a-reatim.o)
                              ./devices.o (ada__real_time__clock)
/usr/local/openravenscar/lib/gcc-lib/sparc-ork-elf/2.8.1/adalib/libgnarl.a(a-retide.o)
                              ./add.o (ada__real_time__delays__delay_until)
/usr/local/openravenscar/lib/gcc-lib/sparc-ork-elf/2.8.1/adalib/libgnarl.a(s-taprob.o)
                              ./medidas.o (system__tasking__protected_objects__initialize_protection)
/usr/local/openravenscar/lib/gcc-lib/sparc-ork-elf/2.8.1/adalib/libgnarl.a(s-taprop.o)
                              /usr/local/openravenscar/lib/gcc-lib/sparc-ork-elf/2.8.1/adalib/libgnarl.a(a-retide.o) (system__task_primitives__operations__self)
/usr/local/openravenscar/lib/gcc-lib/sparc-ork-elf/2.8.1/adalib/libgnarl.a(s-tarest.o)
                              ./add.o (system__tasking__restricted__stages__create_restricted_task)
/usr/local/openravenscar/lib/gcc-lib/sparc-ork-elf/2.8.1/adalib/libgnarl.a(s-tasdeb.o)
                              b~main.o (system__tasking__debug___elabs)
/usr/local/openravenscar/lib/gcc-lib/sparc-ork-elf/2.8.1/adalib/libgnarl.a(s-taskin.o)
                              /usr/local/openravenscar/lib/gcc-lib/sparc-ork-elf/2.8.1/adalib/libgnarl.a(s-tasdeb.o) (system__tasking__task_statesT)
/usr/local/openravenscar/lib/gcc-lib/sparc-ork-elf/2.8.1/adalib/libgnarl.a(s-taspri.o)
                              /usr/local/openravenscar/lib/gcc-lib/sparc-ork-elf/2.8.1/adalib/libgnarl.a(s-taskin.o) (system__task_primitives___init_proc)
/usr/local/openravenscar/lib/gcc-lib/sparc-ork-elf/2.8.1/adalib/libgnarl.a(kernel-interrupts.o)
                              b~main.o (kernel__interrupts___elabb)
/usr/local/openravenscar/lib/gcc-lib/sparc-ork-elf/2.8.1/adalib/libgnarl.a(kernel-threads.o)
                              b~main.o (kernel__threads___elabs)
/usr/local/openravenscar/lib/gcc-lib/sparc-ork-elf/2.8.1/adalib/libgnarl.a(kernel-threads-atcb.o)
                              /usr/local/openravenscar/lib/gcc-lib/sparc-ork-elf/2.8.1/adalib/libgnarl.a(s-taprop.o) (kernel__threads__atcb__set_atcb)
/usr/local/openravenscar/lib/gcc-lib/sparc-ork-elf/2.8.1/adalib/libgnarl.a(kernel-threads-queues.o)
                              /usr/local/openravenscar/lib/gcc-lib/sparc-ork-elf/2.8.1/adalib/libgnarl.a(s-taprop.o) (running_thread)
/usr/local/openravenscar/lib/gcc-lib/sparc-ork-elf/2.8.1/adalib/libgnarl.a(kernel-threads-protection.o)
                              /usr/local/openravenscar/lib/gcc-lib/sparc-ork-elf/2.8.1/adalib/libgnarl.a(kernel-threads.o) (kernel__threads__protection__dispatch)
/usr/local/openravenscar/lib/gcc-lib/sparc-ork-elf/2.8.1/adalib/libgnarl.a(kernel-time.o)
                              /usr/local/openravenscar/lib/gcc-lib/sparc-ork-elf/2.8.1/adalib/libgnarl.a(s-taprop.o) (kernel_clock)
/usr/local/openravenscar/lib/gcc-lib/sparc-ork-elf/2.8.1/adalib/libgnarl.a(kernel-memory.o)
                              /usr/local/openravenscar/sparc-ork-elf/lib/ada_crt0.o (environment_stack)
/usr/local/openravenscar/lib/gcc-lib/sparc-ork-elf/2.8.1/adalib/libgnarl.a(kernel-cpu_primitives.o)
                              /usr/local/openravenscar/lib/gcc-lib/sparc-ork-elf/2.8.1/adalib/libgnarl.a(kernel-threads-protection.o) (kernel__cpu_primitives__context_switch)
/usr/local/openravenscar/lib/gcc-lib/sparc-ork-elf/2.8.1/adalib/libgnarl.a(kernel-peripherals-registers.o)
                              b~main.o (kernel__peripherals__registers___elabs)
/usr/local/openravenscar/lib/gcc-lib/sparc-ork-elf/2.8.1/adalib/libgnarl.a(kernel-peripherals.o)
                              /usr/local/openravenscar/lib/gcc-lib/sparc-ork-elf/2.8.1/adalib/libgnarl.a(kernel-interrupts.o) (kernel__peripherals__to_vector)
/usr/local/openravenscar/lib/gcc-lib/sparc-ork-elf/2.8.1/adalib/libgnarl.a(kernel-serial_output.o)
                              ./devices.o (kernel__serial_output__put__2)
/usr/local/openravenscar/lib/gcc-lib/sparc-ork-elf/2.8.1/adalib/libgnarl.a(context.o)
                              /usr/local/openravenscar/sparc-ork-elf/lib/ada_crt0.o (context_trap)
/usr/local/openravenscar/lib/gcc-lib/sparc-ork-elf/2.8.1/adalib/libgnarl.a(install_handler.o)
                              /usr/local/openravenscar/sparc-ork-elf/lib/ada_crt0.o (FP_Save_Pending)
/usr/local/openravenscar/lib/gcc-lib/sparc-ork-elf/2.8.1/adalib/libgnarl.a(int_level.o)
                              /usr/local/openravenscar/lib/gcc-lib/sparc-ork-elf/2.8.1/adalib/libgnarl.a(kernel-threads-protection.o) (disable_interrupts)
/usr/local/openravenscar/lib/gcc-lib/sparc-ork-elf/2.8.1/adalib/libgnat.a(a-except.o)
                              b~main.o (ada__exceptions___elabs)
/usr/local/openravenscar/lib/gcc-lib/sparc-ork-elf/2.8.1/adalib/libgnat.a(a-filico.o)
                              b~main.o (ada__finalization__list_controller___elabs)
[...]
Memory Configuration

Name             Origin             Length             Attributes
rom              0x00000000         0x00200000         xr
ram              0x02000000         0x003f8000         xrw
*default*        0x00000000         0xffffffff

Linker script and memory map

                0x00200000                PROM_SIZE=0x200000
                0x00400000                RAM_SIZE=0x400000
                0x00000000                PROM_START=0x0
                0x00200000                PROM_END=(PROM_START+PROM_SIZE)
                0x02000000                RAM_START=0x2000000
                0x02400000                RAM_END=(RAM_START+RAM_SIZE)

.text           0x02000000    0x313a0
 CREATE_OBJECT_SYMBOLS
                0x02000000                text_start=.
 *(.text)
 .text          0x02000000     0x1384 /usr/local/openravenscar/sparc-ork-elf/lib/ada_crt0.o
                0x020011bc                __exit
                0x02000000                trap_table
                0x02000000                start
                0x020011bc                _exit
 .text          0x02001384      0x25c b~main.o
                0x020015c8                ada_main___elabb
                0x02001384                adainit
                0x02001548                main
                0x0200152c                adafinal
 .text          0x020015e0       0x1c ./main.o
                0x020015e0                _ada_main
 .text          0x020015fc      0x7a8 ./medidas.o
                0x02001d8c                medidas___elabb
                0x020015fc                medidas___init_proc
                0x02001950                medidas__medidasprotegidoPT__setvelocidadP
                0x020016f0                medidas__medidasprotegidoPT__setvelocidadN
                0x020017c4                medidas__medidasprotegidoPT__getvelocidadP
                0x02001638                medidas___elabs
                0x02001c50                medidas__medidasprotegidoPT__setdistanciaP
                0x02001654                medidas__medidasprotegidoPT__setdistanciaN
                0x02001738                medidas__medidasprotegidoPT__getvelocidadN
                0x0200169c                medidas__medidasprotegidoPT__getdistanciaN
                0x02001ac4                medidas__medidasprotegidoPT__getdistanciaP
 .text          0x02001da4     0x50d8 ./devices.o
                0x02005400                devices___init_proc__6
                0x020060b0                devices__display_distance
                0x02006358                devices__display_electrodes_sample
                0x02001f40                devices__reading_sensors
                0x02003ce0                devices__reading_speed
                0x0200626c                devices__display_headposition_sample
                0x020061d8                devices__display_steering
                0x0200484c                devices___init_proc__5
                0x02001ee0                devices___init_proc
                0x020030b4                devices___init_proc__3
                0x02006ad0                devices(bool,...)(...)( *)
                0x02002550                devices__reading_eyesimage
                0x02006144                devices__display_speed
                0x02006e04                devices___elabb
                0x02006da8                devices__activate_brake
                0x02005460                devices__reading_steering
                0x02006670                devices__display_cronometro
                0x020069e8                devices__light
                0x02003c80                devices___init_proc__4
                0x020048ac                devices__reading_headposition
                0x02003114                devices__reading_distance
                0x02006d4c                devices__activate_automatic_driving
                0x020024f0                devices___init_proc__2
                0x02001da4                devices___elabs
                0x02006444                devices__display_eyes_sample
                0x02005fcc                devices__display_pulse_rate
 .text          0x02006e7c      0x9a8 ./workload.o
                0x02006e7c                workload___elabs
                0x0200727c                workload__small_whetstone
                0x0200780c                workload___elabb
 .text          0x02007824      0x848 ./tools.o
                0x0200803c                tools___elabb
                0x02007fc8                tools__execution_time
                0x02007f18                tools__finishing_notice
                0x02007e68                tools__starting_notice
                0x02007824                tools___elabs
                0x02007b10                tools__print_an_integer
                0x02007cc8                tools__print_a_float
                0x02007870                tools__current_time
 .text          0x0200806c     0x11e4 ./add.o
                0x020081a0                add___init_proc__3
                0x020080a8                add___init_proc
                0x0200806c                add__background
                0x02008e48                add___elabb
                0x02008124                add___init_proc__2
 .text          0x02009250      0x5e4 /usr/local/openravenscar/lib/gcc-lib/sparc-ork-elf/2.8.1/adalib/libgnarl.a(a-reatim.o)
                0x0200927c                ada__real_time__Oadd__2
                0x02009450                ada__real_time__split
                0x0200926c                ada__real_time__Oadd
                0x020092cc                ada__real_time__Osubtract__4
                0x020093d0                ada__real_time__nanoseconds
                0x0200933c                ada__real_time__Odivide__2
                0x020092f8                ada__real_time__Odivide
                0x020092ac                ada__real_time__Osubtract__2
                0x020093c0                ada__real_time__to_duration
                0x02009768                ada__real_time__time_of
                0x0200928c                ada__real_time__Oadd__3
                0x02009420                ada__real_time__milliseconds
                0x02009250                ada__real_time__clock
                0x020093f4                ada__real_time__microseconds
                0x0200929c                ada__real_time__Osubtract
                0x020092bc                ada__real_time__Osubtract__3
                0x020093c8                ada__real_time__to_time_span
                0x02009394                ada__real_time__Omultiply__2
                0x02009368                ada__real_time__Omultiply
 .text          0x02009834       0x68 /usr/local/openravenscar/lib/gcc-lib/sparc-ork-elf/2.8.1/adalib/libgnarl.a(a-retide.o)
                0x02009878                ada__real_time__delays__to_duration
                0x02009834                ada__real_time__delays__delay_until
 .text          0x0200989c      0x10c /usr/local/openravenscar/lib/gcc-lib/sparc-ork-elf/2.8.1/adalib/libgnarl.a(s-taprob.o)
                0x02009988                system__tasking__protected_objects___init_proc
                0x02009958                system__tasking__protected_objects__unlock
                0x020098c8                system__tasking__protected_objects__lock
                0x02009994                system__tasking__protected_objects___init_proc__2
                0x0200989c                system__tasking__protected_objects__initialize_protection
                0x02009910                system__tasking__protected_objects__lock_read_only
                0x02009970                system__tasking__protected_objects__finalize_protection
 .text          0x020099a8      0x978 /usr/local/openravenscar/lib/gcc-lib/sparc-ork-elf/2.8.1/adalib/libgnarl.a(s-taprop.o)
                0x02009c28                system__task_primitives__operations__get_priority
                0x02009aa0                system__task_primitives__operations__unlock__2
                0x02009e00                system__task_primitives__operations__check_no_locks
                0x02009a24                system__task_primitives__operations__write_lock
                0x02009e60                system__task_primitives__operations__resume_task
                0x02009ee0                system__task_primitives__operations___elabb
                0x02009b6c                system__task_primitives__operations__clock
                0x02009a40                system__task_primitives__operations__write_lock__2
                0x020099e0                system__task_primitives__operations__get_thread_id
                0x02009af4                system__task_primitives__operations__timed_delay
                0x02009c08                system__task_primitives__operations__set_priority
                0x02009ad0                system__task_primitives__operations__timed_sleep
                0x020099c4                system__task_primitives__operations__self
                0x02009ab8                system__task_primitives__operations__sleep
                0x02009de4                system__task_primitives__operations__set_exit_task_procedure
                0x02009a8c                system__task_primitives__operations__unlock
                0x02009e18                system__task_primitives__operations__environment_task
                0x020099ec                system__task_primitives__operations__initialize_lock
                0x0200a114                system__task_primitives__operations___init_proc
                0x02009dc8                system__task_primitives__operations__exit_task
                0x02009b90                system__task_primitives__operations__wakeup
                0x020099a8                system__task_primitives__operations__set
                0x02009df0                system__task_primitives__operations__abort_task
                0x02009e24                system__task_primitives__operations__lock_all_tasks_list
                0x02009a58                system__task_primitives__operations__write_lock__3
                0x02009db8                system__task_primitives__operations__finalize_tcb
                0x02009ca4                system__task_primitives__operations__new_atcb
                0x02009e58                system__task_primitives__operations__suspend_task
                0x02009ba4                system__task_primitives__operations__yield
                0x02009e40                system__task_primitives__operations__unlock_all_tasks_list
                0x02009e68                system__task_primitives__operations__initialize
                0x02009df8                system__task_primitives__operations__check_exit
                0x02009d1c                system__task_primitives__operations__initialize_tcb
                0x020099d8                system__task_primitives__operations__stack_guard
                0x02009a1c                system__task_primitives__operations__finalize_lock
                0x02009dc0                system__task_primitives__operations__default_exit_task_procedure
                0x02009d58                system__task_primitives__operations__create_task
                0x02009a04                system__task_primitives__operations__initialize_lock__2
                0x02009a70                system__task_primitives__operations__read_lock
                0x02009c40                system__task_primitives__operations__enter_task
 .text          0x0200a320      0x924 /usr/local/openravenscar/lib/gcc-lib/sparc-ork-elf/2.8.1/adalib/libgnarl.a(s-tarest.o)
                0x0200a594                system__tasking__restricted__stages__create_restricted_task
                0x0200aa94                system__tasking__restricted__stages__restricted_terminated
                0x0200a7a4                system__tasking__restricted__stages__activate_restricted_tasks
                0x0200a964                system__tasking__restricted__stages__complete_restricted_activation
                0x0200aaa8                system__tasking__restricted__stages__finalize_global_tasks
                0x0200aafc                system__tasking__restricted__stages___elabb
                0x0200aa34                system__tasking__restricted__stages__complete_restricted_task
 .text          0x0200ac44      0xf44 /usr/local/openravenscar/lib/gcc-lib/sparc-ork-elf/2.8.1/adalib/libgnarl.a(s-tasdeb.o)
                0x0200b8bc                system__tasking__debug__image
                0x0200bb60                system__tasking__debug___init_proc__2
                0x0200b598                system__tasking__debug__print_current_task
                0x0200b80c                system__tasking__debug__trace__2
                0x0200ac44                system__tasking__debug___elabs
                0x0200b5b4                system__tasking__debug__list_tasks
                0x0200ba64                system__tasking__debug__resume_all_tasks
                0x0200acbc                system__tasking__debug__set_user_state
                0x0200b3e4                system__tasking__debug__print_task_info_header
                0x0200bb20                system__tasking__debug___init_proc
                0x0200aca8                system__tasking__debug__self
                0x0200ba9c                system__tasking__debug___elabb
                0x0200b5f4                system__tasking__debug__print_accept_info
                0x0200b8a8                system__tasking__debug__set_trace
                0x0200b6b8                system__tasking__debug__trace
                0x0200b840                system__tasking__debug__trace__3
                0x0200b874                system__tasking__debug__trace__4
                0x0200afa4                system__tasking__debug__print_task_info
                0x0200aca0                system__tasking__debug__task_termination_hook
                0x0200ac98                system__tasking__debug__task_creation_hook
                0x0200ba2c                system__tasking__debug__suspend_all_tasks
 .text          0x0200bb88      0x75c /usr/local/openravenscar/lib/gcc-lib/sparc-ork-elf/2.8.1/adalib/libgnarl.a(s-taskin.o)
                0x0200bf9c                system__tasking___init_proc__3
                0x0200c244                system__tasking___init_proc__8
                0x0200c204                system__tasking___init_proc__7
                0x0200bb88                system__tasking__self
                0x0200bf64                system__tasking___init_proc__2
                0x0200bcc4                system__tasking___elabb
                0x0200c018                system__tasking___init_proc__4
                0x0200c250                system__tasking___init_proc__9
                0x0200bf10                system__tasking___init_proc
                0x0200c06c                system__tasking___init_proc__6
                0x0200bb9c                system__tasking__initialize_atcb
                0x0200c024                system__tasking___init_proc__5
 .text          0x0200c2e4       0x14 /usr/local/openravenscar/lib/gcc-lib/sparc-ork-elf/2.8.1/adalib/libgnarl.a(s-taspri.o)
                0x0200c2e4                system__task_primitives___init_proc
 .text          0x0200c2f8      0x1f0 /usr/local/openravenscar/lib/gcc-lib/sparc-ork-elf/2.8.1/adalib/libgnarl.a(kernel-interrupts.o)
                0x0200c3c0                kernel_detach_interrupt_handler
                0x0200c408                kernel__interrupts___elabb
                0x0200c2f8                kernel__interrupts__null_handler
                0x0200c300                kernel__interrupts__wrapper
                0x0200c3e8                kernel_current_interrupt_handler
                0x0200c360                kernel_attach_interrupt_handler
                0x0200c48c                kernel__interrupts___init_proc__2
                0x0200c474                kernel__interrupts___init_proc
 .text          0x0200c4e8      0x5dc /usr/local/openravenscar/lib/gcc-lib/sparc-ork-elf/2.8.1/adalib/libgnarl.a(kernel-threads.o)
                0x0200c4e8                kernel__threads___elabs
                0x0200ca88                kernel__threads___init_proc__3
                0x0200c758                kernel_yield
                0x0200c858                kernel_check_no_mutexes
                0x0200c868                kernel_condition_init
                0x0200c6b8                kernel__threads__set_active_priority
                0x0200c66c                kernel_set_priority
                0x0200c92c                kernel_condition_signal
                0x0200c98c                kernel_thread_create
                0x0200c574                kernel__threads__default_dummy_task_function
                0x0200ca54                kernel_thread_self
                0x0200c524                kernel__threads__thread_caller
                0x0200c870                kernel_condition_wait
                0x0200c584                kernel_initialize
                0x0200c7f8                kernel_mutex_unlock
                0x0200c7a0                kernel_mutex_lock
                0x0200c794                kernel_mutex_init
                0x0200ca64                kernel__threads___elabb
                0x0200ca74                kernel__threads___init_proc
                0x0200ca80                kernel__threads___init_proc__2
                0x0200c73c                kernel_get_priority
 .text          0x0200cac4       0x28 /usr/local/openravenscar/lib/gcc-lib/sparc-ork-elf/2.8.1/adalib/libgnarl.a(kernel-threads-atcb.o)
                0x0200cadc                kernel__threads__atcb___elabb
                0x0200cacc                kernel__threads__atcb__thread_self_atcb
                0x0200cac4                kernel__threads__atcb__set_atcb
 .text          0x0200caec      0x478 /usr/local/openravenscar/lib/gcc-lib/sparc-ork-elf/2.8.1/adalib/libgnarl.a(kernel-threads-queues.o)
                0x0200cd04                kernel__threads__queues__insert_alarm
                0x0200cba8                kernel__threads__queues__insert_at_tail
                0x0200cb04                kernel__threads__queues__insert_at_head
                0x0200cdd0                kernel__threads__queues__extract_first_alarm
                0x0200ccb8                kernel__threads__queues__get_new_thread_descriptor
                0x0200ced4                kernel__threads__queues___init_proc
                0x0200cc4c                kernel__threads__queues__extract_from_ready
                0x0200cdfc                kernel__threads__queues__get_next_alarm_time
                0x0200ce30                kernel__threads__queues___elabb
                0x0200cc94                kernel__threads__queues__next_running
                0x0200caf8                kernel__threads__queues__environment_thread_id
                0x0200caec                kernel__threads__queues__dummy_thread_id
 .text          0x0200cf64      0x108 /usr/local/openravenscar/lib/gcc-lib/sparc-ork-elf/2.8.1/adalib/libgnarl.a(kernel-threads-protection.o)
                0x0200cf88                kernel__threads__protection__leave_kernel
                0x0200cf64                kernel__threads__protection__dispatch
                0x0200d05c                kernel__threads__protection___elabb
                0x0200cf74                kernel__threads__protection__enter_kernel
 .text          0x0200d06c      0x3c4 /usr/local/openravenscar/lib/gcc-lib/sparc-ork-elf/2.8.1/adalib/libgnarl.a(kernel-time.o)
                0x0200d124                kernel_delay_until
                0x0200d06c                kernel_clock
                0x0200d3f0                kernel__time___elabb
 .text          0x0200d430       0x9c /usr/local/openravenscar/lib/gcc-lib/sparc-ork-elf/2.8.1/adalib/libgnarl.a(kernel-memory.o)
                0x0200d48c                kernel__memory___elabb
                0x0200d438                kernel_new_stack
                0x0200d430                kernel_new_memory_region
 .text          0x0200d4cc       0x88 /usr/local/openravenscar/lib/gcc-lib/sparc-ork-elf/2.8.1/adalib/libgnarl.a(kernel-cpu_primitives.o)
                0x0200d4cc                kernel__cpu_primitives__context_switch
                0x0200d4d8                kernel__cpu_primitives__initialize_context
                0x0200d544                kernel__cpu_primitives___elabb
 .text          0x0200d554       0x44 /usr/local/openravenscar/lib/gcc-lib/sparc-ork-elf/2.8.1/adalib/libgnarl.a(kernel-peripherals-registers.o)
                0x0200d554                kernel__peripherals__registers___elabs
 .text          0x0200d598      0x6ac /usr/local/openravenscar/lib/gcc-lib/sparc-ork-elf/2.8.1/adalib/libgnarl.a(kernel-peripherals.o)
                0x0200d5a8                kernel__peripherals__stop_watch_dog
                0x0200d598                kernel__peripherals__to_vector
                0x0200d5c4                kernel__peripherals__init_clock
                0x0200db90                kernel__peripherals___elabb
                0x0200d6a8                kernel__peripherals__cancel_and_set_alarm
                0x0200d684                kernel__peripherals__init_board
                0x0200d6bc                kernel__peripherals__set_alarm
                0x0200d830                kernel__peripherals__read_clock
                0x0200d8a0                kernel__peripherals__clear_alarm_interrupt
                0x0200dad0                kernel__peripherals__uart_send
                0x0200d8a8                kernel__peripherals__clear_clock_interrupt
                0x0200d9e4                kernel__peripherals__init_uart
                0x0200d5bc                kernel__peripherals__memory_configuration
                0x0200d8b0                kernel__peripherals__protect_segment
                0x0200d5a0                kernel__peripherals__priority_of_interrupt
 .text          0x0200dc44       0xe4 /usr/local/openravenscar/lib/gcc-lib/sparc-ork-elf/2.8.1/adalib/libgnarl.a(kernel-serial_output.o)
                0x0200dc9c                kernel_new_line
                0x0200dcb0                kernel_put_line_c
                0x0200dc5c                kernel__serial_output__put__2
                0x0200dc44                kernel_put_c
                0x0200dccc                kernel__serial_output__put_line__2
                0x0200dcfc                kernel__serial_output___elabb
 .text          0x0200dd28      0x2dc /usr/local/openravenscar/lib/gcc-lib/sparc-ork-elf/2.8.1/adalib/libgnarl.a(context.o)
                0x0200dffc                exit_from_context_switch
                0x0200dd28                context_switch
                0x0200dd34                context_trap
 .text          0x0200e004      0x60c /usr/local/openravenscar/lib/gcc-lib/sparc-ork-elf/2.8.1/adalib/libgnarl.a(install_handler.o)
                0x0200e0bc                set_next_running
                0x0200e004                enable_traps
                0x0200e068                install_trap_handler
                0x0200e018                install_int_handler
 .text          0x0200e610       0x34 /usr/local/openravenscar/lib/gcc-lib/sparc-ork-elf/2.8.1/adalib/libgnarl.a(int_level.o)
                0x0200e610                disable_interrupts
                0x0200e628                enable_interrupts
 .text          0x0200e644     0x25c0 /usr/local/openravenscar/lib/gcc-lib/sparc-ork-elf/2.8.1/adalib/libgnat.a(a-except.o)
                0x0200feac                ada__exceptions__sdp_table_sort_move
                0x0201000c                ada__exceptions__string_to_eid
                0x0200f6c8                __gnat_raise_nodefer_with_msg
                0x0200e874                ada__exceptions__current_target_exception
                0x0200f840                ada__exceptions__raise_from_signal_handler
                0x0200e6c4                ada__exceptions__address_image
                0x0200fac4                ada__exceptions__save_occurrence
                0x020106a8                __gnat_notify_exception
                0x0200f388                ada__exceptions__propagate_exception
                0x0200f1fc                ada__exceptions__exception_name_simple
                0x0200fa18                __gnat_reraise
                0x0200f7a8                __gnat_raise_exception
                0x0200e644                ada__exceptions___elabs
                0x0200e7cc                __gnat_break_start
                0x0200e7b8                ada__exceptions__allocate_machine_state
                0x0200e898                ada__exceptions__deallocate_machine_state
                0x0200eb4c                ada__exceptions__exception_information
                0x0200f978                __gnat_raise_storage_error
                0x0200e908                ada__exceptions__eo_to_string
                0x0200fe10                ada__exceptions__sdp_table_sort_lt
                0x02010b1c                ada__exceptions__raise_exception_no_defer
                0x0200f108                ada__exceptions__exception_name__2
                0x02010bc4                ada__exceptions__zzz
                0x0200e6b4                ada__exceptions__poll
                0x0200f998                ada__exceptions__raise_with_c_msg
                0x0201073c                ada__exceptions__unhandled_exception_terminate
                0x0200e8ac                ada__exceptions__eid_to_string
                0x0200fb58                ada__exceptions__save_occurrence__2
                0x0200f904                ada__exceptions__raise_with_location
                0x0200f8dc                ada__exceptions__raise_no_msg
                0x0200f044                ada__exceptions__exception_message
                0x0200fedc                ada__exceptions__set_exception_c_msg
                0x02010134                ada__exceptions__string_to_eo
                0x0200f938                __gnat_raise_constraint_error
                0x0200fa50                ada__exceptions__reraise_occurrence
                0x02010bcc                ada__exceptions___elabb
                0x02010bf4                ada__exceptions___init_proc
                0x0200f1cc                ada__exceptions__exception_name
                0x0200e6bc                ada__exceptions__aaa
                0x0200fa98                ada__exceptions__reraise_occurrence_no_defer
                0x0200e968                ada__exceptions__exception_identity
                0x0200fb84                __gnat_SDP_Table_Build
                0x020106a0                __gnat_unhandled_exception
                0x0200e7d4                ada__exceptions__call_chain
                0x0200f9cc                __gnat_raise_with_msg
                0x0200f958                __gnat_raise_program_error
 .text          0x02010c04      0x2ec /usr/local/openravenscar/lib/gcc-lib/sparc-ork-elf/2.8.1/adalib/libgnat.a(a-filico.o)
                0x02010c50                ada__finalization__list_controller___deep_finalize__2
                0x02010ebc                ada__finalization__list_controller___init_proc__2
                0x02010e80                ada__finalization__list_controller__finalize
                0x02010c40                ada__finalization__list_controller___size__2
                0x02010e98                ada__finalization__list_controller___init_proc
                0x02010e4c                ada__finalization__list_controller__finalize__2
                0x02010c7c                ada__finalization__list_controller___elabs
                0x02010c04                ada__finalization__list_controller___size
                0x02010e34                ada__finalization__list_controller__initialize__2
                0x02010c14                ada__finalization__list_controller___deep_finalize
 .text          0x02010ef0      0x560 /usr/local/openravenscar/lib/gcc-lib/sparc-ork-elf/2.8.1/adalib/libgnat.a(a-finali.o)
                0x02011150                ada__finalization___size__4
                0x020113d0                ada__finalization__initialize
                0x020113e8                ada__finalization__Oeq__2
                0x02011410                ada__finalization___init_proc
                0x02010f18                ada__finalization___write__3
                0x02011408                ada__finalization__finalize__2
                0x02010ef0                ada__finalization___size__3
                0x02010f00                ada__finalization___read__3
                0x020113d8                ada__finalization__adjust
                0x02011430                ada__finalization___init_proc__2
                0x0201118c                ada__finalization___elabs
                0x020113e0                ada__finalization__finalize
                0x020110fc                ada__finalization___deep_adjust
                0x02011400                ada__finalization__initialize__2
                0x02010f30                ada__finalization___assign__3
                0x02011124                ada__finalization___deep_finalize
                0x02011160                ada__finalization___deep_finalize__2
 .text          0x02011450       0x6c /usr/local/openravenscar/lib/gcc-lib/sparc-ork-elf/2.8.1/adalib/libgnat.a(a-ioexce.o)
                0x02011450                ada__io_exceptions___elabs
 .text          0x020114bc     0x1e98 /usr/local/openravenscar/lib/gcc-lib/sparc-ork-elf/2.8.1/adalib/libgnat.a(a-nuelfu.o)
                0x02012f78                ada__numerics__elementary_functions__sinh
                0x02011e00                ada__numerics__elementary_functions__arcsin
                0x02011be8                ada__numerics__elementary_functions__arccosh
                0x0201202c                ada__numerics__elementary_functions__arcsinh
                0x020114bc                ada__numerics__elementary_functions__Oexpon
                0x02011cfc                ada__numerics__elementary_functions__arccoth
                0x02011ce0                ada__numerics__elementary_functions__arccot__2
                0x02011ed4                ada__numerics__elementary_functions__arcsin__2
                0x0201225c                ada__numerics__elementary_functions__arctan__2
                0x02011a7c                ada__numerics__elementary_functions__arccos__2
                0x0201255c                ada__numerics__elementary_functions__cos
                0x02013084                ada__numerics__elementary_functions__sqrt
                0x02013190                ada__numerics__elementary_functions__tan__2
                0x02012e7c                ada__numerics__elementary_functions__sin__2
                0x02012d0c                ada__numerics__elementary_functions__log__2
                0x02012760                ada__numerics__elementary_functions__cot__2
                0x020132c0                ada__numerics__elementary_functions__tanh
                0x020128c8                ada__numerics__elementary_functions__coth
                0x02012c50                ada__numerics__elementary_functions__log
                0x0201260c                ada__numerics__elementary_functions__cosh
                0x02011cc8                ada__numerics__elementary_functions__arccot
                0x0201214c                ada__numerics__elementary_functions__arctan
                0x02012e34                ada__numerics__elementary_functions__sin
                0x0201197c                ada__numerics__elementary_functions__arccos
                0x020125c8                ada__numerics__elementary_functions__cos__2
                0x02013108                ada__numerics__elementary_functions__tan
                0x020129bc                ada__numerics__elementary_functions__exp
                0x020126b8                ada__numerics__elementary_functions__cot
                0x020123d0                ada__numerics__elementary_functions__arctanh
 .text          0x02013354       0x18 /usr/local/openravenscar/lib/gcc-lib/sparc-ork-elf/2.8.1/adalib/libgnat.a(a-numeri.o)
                0x02013354                ada__numerics___elabs
 .text          0x0201336c       0xc0 /usr/local/openravenscar/lib/gcc-lib/sparc-ork-elf/2.8.1/adalib/libgnat.a(a-stream.o)
                0x02013384                ada__streams___elabs
                0x0201337c                ada__streams___deep_finalize
                0x0201336c                ada__streams___size
                0x0201341c                ada__streams___init_proc
 .text          0x0201342c      0x934 /usr/local/openravenscar/lib/gcc-lib/sparc-ork-elf/2.8.1/adalib/libgnat.a(a-tags.o)
                0x02013a94                ada__tags__length
                0x02013d00                ada__tags___init_proc
                0x020135a0                ada__tags__external_tag_htable__removeXn
                0x02013bb8                ada__tags__get_rc_offset
                0x02013cd4                ada__tags__set_remotely_callable
                0x02013c9c                ada__tags__set_prim_op_address
                0x02013c7c                ada__tags__register_tag
                0x02013c1c                ada__tags__inherit_tsd
                0x0201342c                ada__tags___elabs
                0x02013b94                ada__tags__get_expanded_name
                0x02013cb0                ada__tags__set_expanded_name
                0x02013bc4                ada__tags__get_remotely_callable
                0x020137bc                ada__tags__expanded_name
                0x02013444                ada__tags__external_tag_htable__getXn
                0x02013bac                ada__tags__get_inheritance_depth
                0x02013bdc                ada__tags__get_tsd
                0x02013698                ada__tags__external_tag_htable__setXn
                0x02013b54                ada__tags__cw_membership
                0x02013be4                ada__tags__inherit_dt
                0x020134ec                ada__tags__external_tag_htable__get_nextXn
                0x020138c4                ada__tags__get_external_tag
                0x020138e8                ada__tags__internal_tag
                0x02013d08                ada__tags___init_proc__2
                0x02013af0                ada__tags___elabb
                0x02013ca8                ada__tags__set_tsd
                0x02013cbc                ada__tags__set_external_tag
                0x0201370c                ada__tags__get_ht_link
                0x02013ac8                ada__tags__parent_size
                0x020136d4                ada__tags__equal
                0x020134b8                ada__tags__external_tag_htable__get_firstXn
                0x02013c90                ada__tags__set_inheritance_depth
                0x02013840                ada__tags__external_tag
                0x02013528                ada__tags__external_tag_htable__get_non_nullXn
                0x02013ba0                ada__tags__get_prim_op_address
                0x02013cc8                ada__tags__set_rc_offset
                0x02013778                ada__tags__hash
                0x02013658                ada__tags__external_tag_htable__resetXn
                0x020137b0                ada__tags__set_ht_link
                0x02013d14                ada__tags__external_tag_htable___init_procXn
 .text          0x02013d60      0x25c /usr/local/openravenscar/lib/gcc-lib/sparc-ork-elf/2.8.1/adalib/libgnat.a(g-except.o)
                0x02013eac                gnat__exceptions___deep_finalize
                0x02013d78                gnat__exceptions___write
                0x02013db4                gnat__exceptions___output
                0x02013dd4                gnat__exceptions___assign
                0x02013d80                gnat__exceptions___input
                0x02013eb4                gnat__exceptions___elabs
                0x02013d70                gnat__exceptions___read
                0x02013d60                gnat__exceptions___size
                0x02013fac                gnat__exceptions___init_proc
                0x02013dcc                gnat__exceptions__Oeq
                0x02013ea4                gnat__exceptions___deep_adjust
 .text          0x02013fbc      0x174 /usr/local/openravenscar/lib/gcc-lib/sparc-ork-elf/2.8.1/adalib/libgnat.a(g-hesora.o)
                0x0201408c                gnat__heap_sort_a__sort
 .text          0x02014130      0xc6c /usr/local/openravenscar/lib/gcc-lib/sparc-ork-elf/2.8.1/adalib/libgnat.a(i-c.o)
                0x02014a40                interfaces__c__to_c__4
                0x02014580                interfaces__c__to_ada__6
                0x02014194                interfaces__c__is_nul_terminated__2
                0x020141e4                interfaces__c__to_ada
                0x020141ec                interfaces__c__to_ada__2
                0x020146a8                interfaces__c__to_c
                0x02014148                interfaces__c__is_nul_terminated
                0x02014bf4                interfaces__c__to_c__6
                0x02014320                interfaces__c__to_ada__3
                0x02014130                interfaces__c___elabs
                0x020148a8                interfaces__c__to_c__3
                0x02014440                interfaces__c__to_ada__5
                0x02014a48                interfaces__c__to_c__5
                0x020146b0                interfaces__c__to_c__2
                0x02014438                interfaces__c__to_ada__4
 .text          0x02014d9c     0x13b4 /usr/local/openravenscar/lib/gcc-lib/sparc-ork-elf/2.8.1/adalib/libgnat.a(s-arit64.o)
                0x02014ed8                system__arith_64__hi
                0x02015480                system__arith_64__scaled_divide
                0x02015450                system__arith_64__raise_error
                0x02014e50                system__arith_64__Odivide
                0x02014dc4                system__arith_64__Oadd__2
                0x0201607c                system__arith_64__subtract_with_ovflo_check
                0x02014df4                system__arith_64__Omultiply
                0x02014ee8                system__arith_64__lo
                0x02014e24                system__arith_64__Omultiply__2
                0x02014f5c                system__arith_64__double_divide
                0x0201524c                system__arith_64__multiply_with_ovflo_check
                0x02016130                system__arith_64__to_pos_int
                0x02014d9c                system__arith_64__Oadd
                0x02014ea8                system__arith_64__Oconcat
                0x020160f8                system__arith_64__to_neg_int
                0x02014e7c                system__arith_64__Orem
                0x02014ef0                system__arith_64__add_with_ovflo_check
                0x02014ddc                system__arith_64__Osubtract
 .text          0x02016150      0x16c /usr/local/openravenscar/lib/gcc-lib/sparc-ork-elf/2.8.1/adalib/libgnat.a(s-except.o)
                0x02016174                system__exceptions___init_proc
                0x02016150                system__exceptions___elabs
                0x0201621c                system__exceptions___init_proc__4
                0x020161bc                system__exceptions___init_proc__3
                0x0201625c                system__exceptions___init_proc__5
                0x0201617c                system__exceptions___init_proc__2
 .text          0x020162bc      0x54c /usr/local/openravenscar/lib/gcc-lib/sparc-ork-elf/2.8.1/adalib/libgnat.a(s-exctab.o)
                0x020165d0                system__exception_table__get_key
                0x02016364                system__exception_table__exception_htable__get_nextXn
                0x02016598                system__exception_table__equal
                0x02016510                system__exception_table__exception_htable__setXn
                0x020167bc                system__exception_table__exception_htable___init_procXn
                0x020162bc                system__exception_table__exception_htable__getXn
                0x02016554                system__exception_table__get_ht_link
                0x020164d0                system__exception_table__exception_htable__resetXn
                0x0201654c                system__exception_table__set_ht_link
                0x020165d8                system__exception_table__internal_exception
                0x020163a0                system__exception_table__exception_htable__get_non_nullXn
                0x0201655c                system__exception_table__hash
                0x02016330                system__exception_table__exception_htable__get_firstXn
                0x0201670c                system__exception_table___elabb
                0x020166f8                system__exception_table__register_exception
                0x02016418                system__exception_table__exception_htable__removeXn
 .text          0x02016808      0x1c4 /usr/local/openravenscar/lib/gcc-lib/sparc-ork-elf/2.8.1/adalib/libgnat.a(s-exnflt.o)
                0x02016808                system__exn_flt__exn_float
 .text          0x020169cc      0xb2c /usr/local/openravenscar/lib/gcc-lib/sparc-ork-elf/2.8.1/adalib/libgnat.a(s-fatflt.o)
                0x02017380                system__fat_flt__fat_float__truncation
                0x02016b10                system__fat_flt__fat_float__decompose
                0x02016ea4                system__fat_flt__fat_float__model
                0x02016dac                system__fat_flt__fat_float__floor
                0x02016eb8                system__fat_flt__fat_float__pred
                0x02017180                system__fat_flt__fat_float__scaling
                0x02016e34                system__fat_flt__fat_float__leading_part
                0x02017430                system__fat_flt__fat_float__unbiased_rounding
                0x02016a24                system__fat_flt__fat_float__ceiling
                0x02016a84                system__fat_flt__fat_float__compose
                0x02016d84                system__fat_flt__fat_float__exponent
                0x02016e0c                system__fat_flt__fat_float__fraction
                0x02016cfc                system__fat_flt__fat_float__gradual_scaling
                0x02016f70                system__fat_flt__fat_float__remainder
                0x020170f8                system__fat_flt__fat_float__rounding
                0x020169cc                system__fat_flt__fat_float__adjacent
                0x02017298                system__fat_flt__fat_float__succ
                0x020174d8                system__fat_flt__fat_float__valid
                0x02016ab4                system__fat_flt__fat_float__copy_sign
                0x02016e90                system__fat_flt__fat_float__machine
 .text          0x020174f8     0x13dc /usr/local/openravenscar/lib/gcc-lib/sparc-ork-elf/2.8.1/adalib/libgnat.a(s-finimp.o)
                0x02018718                system__finalization_implementation__deep_tag_attach
                0x02017724                system__finalization_implementation___read__2
                0x02017d78                system__finalization_implementation__detach_from_final_list
                0x020175bc                system__finalization_implementation___output
                0x020181d4                system__finalization_implementation__finalize_list
                0x020177f0                system__finalization_implementation__Oeq__2
                0x020188a4                system__finalization_implementation___init_proc__2
                0x0201761c                system__finalization_implementation___assign
                0x020187d0                system__finalization_implementation__initialize__2
                0x02017bdc                system__finalization_implementation__attach_to_final_list
                0x0201857c                system__finalization_implementation__deep_tag_adjust
                0x02017838                system__finalization_implementation___assign__2
                0x020175d4                system__finalization_implementation__Oeq
                0x02017564                system__finalization_implementation___input
                0x02017540                system__finalization_implementation___write
                0x0201848c                system__finalization_implementation__deep_tag_initialize
                0x020187c8                system__finalization_implementation__initialize
                0x02018880                system__finalization_implementation___init_proc
                0x02017748                system__finalization_implementation___write__2
                0x02017938                system__finalization_implementation___elabs
                0x020177d8                system__finalization_implementation___output__2
                0x0201776c                system__finalization_implementation___input__2
                0x02017508                system__finalization_implementation___read
                0x02018340                system__finalization_implementation__finalize_one
                0x02018648                system__finalization_implementation__deep_tag_finalize
                0x02018318                system__finalization_implementation__finalize_global_list
                0x0201886c                system__finalization_implementation__finalize
                0x02017714                system__finalization_implementation___size__2
                0x02018838                system__finalization_implementation__adjust__2
                0x020174f8                system__finalization_implementation___size
 .text          0x020188d4      0x658 /usr/local/openravenscar/lib/gcc-lib/sparc-ork-elf/2.8.1/adalib/libgnat.a(s-finroo.o)
                0x020188d4                system__finalization_root___size
                0x02018f08                system__finalization_root___init_proc__2
                0x020188e4                system__finalization_root___read
                0x02018c1c                system__finalization_root___elabs
                0x02018ad4                system__finalization_root__Oeq__2
                0x02018a64                system__finalization_root___input__2
                0x020188ec                system__finalization_root___write
                0x020188fc                system__finalization_root___assign
                0x02018ec8                system__finalization_root__finalize
                0x02018abc                system__finalization_root___output__2
                0x02018e68                system__finalization_root__initialize
                0x020188f4                system__finalization_root__Oeq
                0x020189dc                system__finalization_root___read__2
                0x02018a34                system__finalization_root___write__2
                0x020189cc                system__finalization_root___size__2
                0x02018e98                system__finalization_root__adjust
                0x02018b2c                system__finalization_root___assign__2
                0x02018ef8                system__finalization_root___init_proc
 .text          0x02018f2c      0x1b4 /usr/local/openravenscar/lib/gcc-lib/sparc-ork-elf/2.8.1/adalib/libgnat.a(s-imgint.o)
                0x02019068                system__img_int__set_image_integer
                0x02018f2c                system__img_int__image_integer
 .text          0x020190e0      0xbc8 /usr/local/openravenscar/lib/gcc-lib/sparc-ork-elf/2.8.1/adalib/libgnat.a(s-imgrea.o)
                0x020190e0                system__img_real__image_ordinary_fixed_point
                0x020197cc                system__img_real__set_image_real
                0x020191b4                system__img_real__image_floating_point
 .text          0x02019ca8      0x160 /usr/local/openravenscar/lib/gcc-lib/sparc-ork-elf/2.8.1/adalib/libgnat.a(s-imguns.o)
                0x02019ca8                system__img_uns__image_unsigned
                0x02019dc8                system__img_uns__set_image_unsigned
 .text          0x02019e08       0x40 /usr/local/openravenscar/lib/gcc-lib/sparc-ork-elf/2.8.1/adalib/libgnat.a(s-mastop.o)
                0x02019e20                system__machine_state_operations__get_code_loc
                0x02019e08                system__machine_state_operations__allocate_machine_state
                0x02019e40                system__machine_state_operations__set_signal_machine_state
                0x02019e18                system__machine_state_operations__free_machine_state
                0x02019e28                system__machine_state_operations__machine_state_length
                0x02019e10                system__machine_state_operations__enter_handler
                0x02019e38                system__machine_state_operations__set_machine_state
                0x02019e30                system__machine_state_operations__pop_frame
 .text          0x02019e48       0x50 /usr/local/openravenscar/lib/gcc-lib/sparc-ork-elf/2.8.1/adalib/libgnat.a(s-parame.o)
                0x02019e50                system__parameters__minimum_stack_size
                0x02019e58                system__parameters__adjust_storage_size
                0x02019e48                system__parameters__default_stack_size
 .text          0x02019e98      0x314 /usr/local/openravenscar/lib/gcc-lib/sparc-ork-elf/2.8.1/adalib/libgnat.a(s-secsta.o)
                0x0201a1a4                system__secondary_stack___init_proc__2
                0x0201a148                system__secondary_stack___elabb
                0x02019e98                system__secondary_stack__ss_allocate
                0x0201a08c                system__secondary_stack__ss_free
                0x0201a128                system__secondary_stack__ss_release
                0x0201a108                system__secondary_stack__ss_mark
                0x0201a190                system__secondary_stack___init_proc
                0x0201a028                system__secondary_stack__ss_init
 .text          0x0201a1ac      0x1fc /usr/local/openravenscar/lib/gcc-lib/sparc-ork-elf/2.8.1/adalib/libgnat.a(s-sopco3.o)
                0x0201a1ac                system__string_ops_concat_3__str_concat_3
 .text          0x0201a3a8      0x1e4 /usr/local/openravenscar/lib/gcc-lib/sparc-ork-elf/2.8.1/adalib/libgnat.a(s-stache.o)
                0x0201a3a8                system__stack_checking___elabs
                0x0201a3c0                _gnat_stack_check
                0x0201a544                system__stack_checking__set_stack_size
                0x0201a57c                system__stack_checking___init_proc
                0x0201a44c                system__stack_checking__invalidate_stack_cache
                0x0201a56c                system__stack_checking__update_stack_cache
 .text          0x0201a58c       0x28 /usr/local/openravenscar/lib/gcc-lib/sparc-ork-elf/2.8.1/adalib/libgnat.a(s-stalib.o)
                0x0201a58c                system__standard_library__abort_undefer_direct
                0x0201a5a8                system__standard_library___init_proc
 .text          0x0201a5b4       0x64 /usr/local/openravenscar/lib/gcc-lib/sparc-ork-elf/2.8.1/adalib/libgnat.a(s-stoele.o)
                0x0201a5d4                system__storage_elements__Omod
                0x0201a608                system__storage_elements__to_address
                0x0201a5bc                system__storage_elements__Oadd__2
                0x0201a5c4                system__storage_elements__Osubtract
                0x0201a5b4                system__storage_elements__Oadd
                0x0201a610                system__storage_elements__to_integer
                0x0201a5cc                system__storage_elements__Osubtract__2
 .text          0x0201a618     0x102c /usr/local/openravenscar/lib/gcc-lib/sparc-ork-elf/2.8.1/adalib/libgnat.a(s-stratt.o)
                0x0201ad30                system__stream_attributes__i_si
                0x0201afe8                system__stream_attributes__w_ad
                0x0201a720                system__stream_attributes__i_b
                0x0201b0dc                system__stream_attributes__w_c
                0x0201a8f8                system__stream_attributes__i_lf
                0x0201aca8                system__stream_attributes__i_sf
                0x0201b564                system__stream_attributes__w_su
                0x0201a784                system__stream_attributes__i_c
                0x0201aa28                system__stream_attributes__i_llf
                0x0201ae70                system__stream_attributes__i_su
                0x0201ab78                system__stream_attributes__i_llu
                0x0201b460                system__stream_attributes__w_sf
                0x0201aee8                system__stream_attributes__i_u
                0x0201b600                system__stream_attributes__w_wc
                0x0201a618                system__stream_attributes__i_ad
                0x0201b5a8                system__stream_attributes__w_u
                0x0201b408                system__stream_attributes__w_lu
                0x0201b0a8                system__stream_attributes__w_b
                0x0201b310                system__stream_attributes__w_lli
                0x0201ae0c                system__stream_attributes__i_ssu
                0x0201a9a0                system__stream_attributes__i_li
                0x0201b4fc                system__stream_attributes__w_ssi
                0x0201b4b8                system__stream_attributes__w_si
                0x0201b1c0                system__stream_attributes__w_lf
                0x0201ada8                system__stream_attributes__i_ssi
                0x0201a7e8                system__stream_attributes__i_f
                0x0201b23c                system__stream_attributes__w_li
                0x0201b058                system__stream_attributes__w_as
                0x0201b168                system__stream_attributes__w_i
                0x0201a870                system__stream_attributes__i_i
                0x0201aad0                system__stream_attributes__i_lli
                0x0201af70                system__stream_attributes__i_wc
                0x0201b294                system__stream_attributes__w_llf
                0x0201b530                system__stream_attributes__w_ssu
                0x0201a690                system__stream_attributes__i_as
                0x0201b110                system__stream_attributes__w_f
                0x0201b38c                system__stream_attributes__w_llu
                0x0201ac20                system__stream_attributes__i_lu
 .text          0x0201b644      0x5b8 /usr/local/openravenscar/lib/gcc-lib/sparc-ork-elf/2.8.1/adalib/libgnat.a(s-strops.o)
                0x0201ba68                system__string_ops__str_equal
                0x0201b940                system__string_ops__str_concat_sc
                0x0201bb78                system__string_ops__str_normalize
                0x0201b644                system__string_ops__str_concat
                0x0201b864                system__string_ops__str_concat_cs
                0x0201bbb8                system__string_ops__wide_str_normalize
                0x0201b804                system__string_ops__str_concat_cc
 .text          0x0201bbfc      0x298 /usr/local/openravenscar/lib/gcc-lib/sparc-ork-elf/2.8.1/adalib/libgnat.a(s-soflin.o)
                0x0201bd60                system__soft_links__set_jmpbuf_address_soft
                0x0201bccc                system__soft_links__get_stack_info_nt
                0x0201be28                system__soft_links___elabb
                0x0201bcc0                system__soft_links__get_current_excep_nt
                0x0201bdd0                system__soft_links__set_exc_stack_addr_soft
                0x0201bbfc                system__soft_links__abort_defer_nt
                0x0201bc30                system__soft_links__check_abort_status_nt
                0x0201bc78                system__soft_links__get_sec_stack_addr_nt
                0x0201bc6c                system__soft_links__set_jmpbuf_address_nt
                0x0201bc50                system__soft_links__task_lock_nt
                0x0201be0c                system__soft_links__set_machine_state_addr_soft
                0x0201bc40                system__soft_links__current_master_nt
                0x0201bc04                system__soft_links__abort_handler_nt
                0x0201bcfc                system__soft_links__destroy_tsd
                0x0201bdb4                system__soft_links__get_exc_stack_addr_soft
                0x0201bc60                system__soft_links__get_jmpbuf_address_nt
                0x0201bc0c                system__soft_links__abort_undefer_nt
                0x0201bcd8                system__soft_links__create_tsd
                0x0201bc9c                system__soft_links__set_machine_state_addr_nt
                0x0201bc84                system__soft_links__set_sec_stack_addr_nt
                0x0201bc14                system__soft_links__update_exception_nt
                0x0201bcb4                system__soft_links__set_exc_stack_addr_nt
                0x0201be68                system__soft_links___init_proc
                0x0201bd44                system__soft_links__get_jmpbuf_address_soft
                0x0201bc48                system__soft_links__enter_master_nt
                0x0201bdf0                system__soft_links__get_machine_state_addr_soft
                0x0201bd98                system__soft_links__set_sec_stack_addr_soft
                0x0201bc58                system__soft_links__task_unlock_nt
                0x0201bd20                system__soft_links__get_gnat_exception
                0x0201bd7c                system__soft_links__get_sec_stack_addr_soft
                0x0201bc38                system__soft_links__complete_master_nt
                0x0201bc90                system__soft_links__get_machine_state_addr_nt
                0x0201bca8                system__soft_links__get_exc_stack_addr_nt
 .text          0x0201be94       0x68 /usr/local/openravenscar/lib/gcc-lib/sparc-ork-elf/2.8.1/adalib/libgnat.a(s-traceb.o)
                0x0201bea8                system__traceback__get_code_loc
                0x0201bed0                system__traceback__pop_frame
                0x0201bebc                system__traceback__free_machine_state
                0x0201be94                system__traceback__allocate_machine_state
                0x0201bee8                system__traceback__set_machine_state
 .text          0x0201befc       0xfc /usr/local/openravenscar/lib/gcc-lib/sparc-ork-elf/2.8.1/adalib/libgnat.a(a-argv.o)
                0x0201bfc4                fill_env
                0x0201bf68                env_count
                0x0201bfa4                len_env
                0x0201befc                arg_count
                0x0201bf08                gnat_argval
                0x0201bf34                fill_arg
                0x0201bf14                len_arg
 .text          0x0201bff8      0x14c /usr/local/openravenscar/lib/gcc-lib/sparc-ork-elf/2.8.1/adalib/libgnat.a(a-cio.o)
                0x0201c018                put_int
                0x0201c034                get_char
                0x0201bff8                get_int
                0x0201c124                put_char_stderr
                0x0201c084                put_char
 .text          0x0201c144        0xc /usr/local/openravenscar/lib/gcc-lib/sparc-ork-elf/2.8.1/adalib/libgnat.a(a-exit.o)
                0x0201c144                set_gnat_exit_status
 .text          0x0201c150      0x1f4 /usr/local/openravenscar/lib/gcc-lib/sparc-ork-elf/2.8.1/adalib/libgnat.a(a-raise.o)
                0x0201c150                _gnat_builtin_longjmp
                0x0201c1a8                __gnat_malloc
                0x0201c260                __gnat_free
                0x0201c190                __gnat_unhandled_terminate
                0x0201c29c                __gnat_realloc
 .text          0x0201c344      0x410 /usr/local/openravenscar/lib/gcc-lib/sparc-ork-elf/2.8.1/adalib/libgnat.a(a-init.o)
                0x0201c538                __gnat_pop_frame
                0x0201c74c                __gnat_init_float
                0x0201c344                __gnat_set_globals
                0x0201c744                __gnat_get_code_loc
                0x0201c39c                __gnat_initialize
                0x0201c688                __gnat_enter_handler
                0x0201c73c                __gnat_machine_state_length
                0x0201c5dc                __gnat_set_machine_state
 .text          0x0201c754        0x8 /usr/local/openravenscar/lib/gcc-lib/sparc-ork-elf/2.8.1/adalib/libgnat.a(a-final.o)
                0x0201c754                __gnat_finalize
 .text          0x0201c75c      0xc1c /usr/local/openravenscar/lib/gcc-lib/sparc-ork-elf/2.8.1/adalib/libgnat.a(s-fatllf.o)
                0x0201c860                system__fat_llf__fat_long_long_float__copy_sign
                0x0201cad0                system__fat_llf__fat_long_long_float__gradual_scaling
                0x0201d2a4                system__fat_llf__fat_long_long_float__unbiased_rounding
                0x0201cb68                system__fat_llf__fat_long_long_float__exponent
                0x0201c82c                system__fat_llf__fat_long_long_float__compose
                0x0201cb94                system__fat_llf__fat_long_long_float__floor
                0x0201c75c                system__fat_llf__fat_long_long_float__adjacent
                0x0201ccc0                system__fat_llf__fat_long_long_float__pred
                0x0201cc00                system__fat_llf__fat_long_long_float__fraction
                0x0201cd80                system__fat_llf__fat_long_long_float__remainder
                0x0201cfc8                system__fat_llf__fat_long_long_float__scaling
                0x0201c7c0                system__fat_llf__fat_long_long_float__ceiling
                0x0201c8c4                system__fat_llf__fat_long_long_float__decompose
                0x0201d0f0                system__fat_llf__fat_long_long_float__succ
                0x0201cc2c                system__fat_llf__fat_long_long_float__leading_part
                0x0201cf30                system__fat_llf__fat_long_long_float__rounding
                0x0201cca8                system__fat_llf__fat_long_long_float__model
                0x0201d350                system__fat_llf__fat_long_long_float__valid
                0x0201d1e0                system__fat_llf__fat_long_long_float__truncation
                0x0201cc94                system__fat_llf__fat_long_long_float__machine
 .text          0x0201d378      0x18c /usr/local/openravenscar/lib/gcc-lib/sparc-ork-elf/2.8.1/adalib/libgnat.a(s-imgllu.o)
                0x0201d378                system__img_llu__image_long_long_unsigned
                0x0201d4c0                system__img_llu__set_image_long_long_unsigned
 .text          0x0201d504      0x894 /usr/local/openravenscar/lib/gcc-lib/sparc-ork-elf/2.8.1/adalib/libgnat.a(a-adaint.o)
                0x0201d694                get_object_suffix_ptr
                0x0201d640                Get_Default_Identifier_Character_Set
                0x0201d628                Get_Maximum_File_Name_Length
                0x0201d638                Get_File_Names_Case_Sensitive
                0x0201d8b0                file_time_name
                0x0201d650                Get_Pathsep_Char
                0x0201d730                open_read
                0x0201d648                Get_Dirsep_Char
                0x0201d948                is_regular_file
                0x0201d630                Get_Switch_Character
                0x0201dafc                locate_regular_file
                0x0201dd4c                to_canonical_file_list_next
                0x0201dd78                to_host_dir_spec
                0x0201d928                __gnat_file_exists
                0x0201d81c                __gnat_mkdir
                0x0201dd70                to_canonical_path_spec
                0x0201d9c8                is_writable_file
                0x0201d7f4                open_new_temp
                0x0201d9fc                portable_spawn
                0x0201dd60                to_canonical_dir_spec
                0x0201d8e8                get_env_value_ptr
                0x0201d8cc                file_time_fd
                0x0201d8a8                readdir_is_thread_safe
                0x0201d7cc                open_new
                0x0201d504                to_gm_time
                0x0201d578                Try_Lock
                0x0201dd68                to_canonical_file_spec
                0x0201dab8                portable_wait
                0x0201dd44                to_canonical_file_list_init
                0x0201dd90                convert_addresses
                0x0201d6c8                get_executable_suffix_ptr
                0x0201d988                is_directory
                0x0201d7a4                open_append
                0x0201d77c                open_create
                0x0201d754                open_rw
                0x0201d834                file_length
                0x0201d874                readdir_gnat
                0x0201dd88                adjust_os_resource_limits
                0x0201dc88                locate_exec
                0x0201da78                portable_no_block_spawn
                0x0201dae8                os_exit
                0x0201d91c                Get_Libraries_From_Registry
                0x0201dd58                to_canonical_file_list_free
                0x0201d658                Get_Current_Dir
                0x0201dd80                to_host_file_spec
                0x0201dcfc                locate_exec_on_path
                0x0201d6fc                get_debuggable_suffix_ptr
 .text          0x0201dd98      0x294 /usr/local/openravenscar/sparc-ork-elf/lib/libm.a(s_atan.o)
                0x0201dd98                atan
 .text          0x0201e02c       0xf0 /usr/local/openravenscar/sparc-ork-elf/lib/libm.a(s_cos.o)
                0x0201e02c                cos
 .text          0x0201e11c       0x2c /usr/local/openravenscar/sparc-ork-elf/lib/libm.a(s_fabs.o)
                0x0201e11c                fabs
 .text          0x0201e148       0xf0 /usr/local/openravenscar/sparc-ork-elf/lib/libm.a(s_sin.o)
                0x0201e148                sin
 .text          0x0201e238       0x9c /usr/local/openravenscar/sparc-ork-elf/lib/libm.a(s_tan.o)
                0x0201e238                tan
 .text          0x0201e2d4      0x134 /usr/local/openravenscar/sparc-ork-elf/lib/libm.a(s_tanh.o)
                0x0201e2d4                tanh
 .text          0x0201e408       0xf8 /usr/local/openravenscar/sparc-ork-elf/lib/libm.a(w_acos.o)
                0x0201e408                acos
 .text          0x0201e500       0xf8 /usr/local/openravenscar/sparc-ork-elf/lib/libm.a(w_asin.o)
                0x0201e500                asin
 .text          0x0201e5f8      0x1c0 /usr/local/openravenscar/sparc-ork-elf/lib/libm.a(w_exp.o)
                0x0201e5f8                exp
 .text          0x0201e7b8      0x184 /usr/local/openravenscar/sparc-ork-elf/lib/libm.a(w_log.o)
                0x0201e7b8                log
 .text          0x0201e93c      0x60c /usr/local/openravenscar/sparc-ork-elf/lib/libm.a(w_pow.o)
                0x0201e93c                pow
 .text          0x0201ef48      0x118 /usr/local/openravenscar/sparc-ork-elf/lib/libm.a(w_sqrt.o)
                0x0201ef48                sqrt
 .text          0x0201f060      0x3ac /usr/local/openravenscar/sparc-ork-elf/lib/libm.a(e_acos.o)
                0x0201f060                __ieee754_acos
 .text          0x0201f40c      0x340 /usr/local/openravenscar/sparc-ork-elf/lib/libm.a(e_asin.o)
                0x0201f40c                __ieee754_asin
 .text          0x0201f74c      0x2f0 /usr/local/openravenscar/sparc-ork-elf/lib/libm.a(e_exp.o)
                0x0201f74c                __ieee754_exp
 .text          0x0201fa3c      0x310 /usr/local/openravenscar/sparc-ork-elf/lib/libm.a(e_log.o)
                0x0201fa3c                __ieee754_log
 .text          0x0201fd4c      0x99c /usr/local/openravenscar/sparc-ork-elf/lib/libm.a(e_pow.o)
                0x0201fd4c                __ieee754_pow
 .text          0x020206e8      0x3d8 /usr/local/openravenscar/sparc-ork-elf/lib/libm.a(e_rem_pio2.o)
                0x020206e8                __ieee754_rem_pio2
 .text          0x02020ac0      0x264 /usr/local/openravenscar/sparc-ork-elf/lib/libm.a(e_sqrt.o)
                0x02020ac0                __ieee754_sqrt
 .text          0x02020d24      0x17c /usr/local/openravenscar/sparc-ork-elf/lib/libm.a(k_cos.o)
                0x02020d24                __kernel_cos
 .text          0x02020ea0      0x838 /usr/local/openravenscar/sparc-ork-elf/lib/libm.a(k_rem_pio2.o)
                0x02020ea0                __kernel_rem_pio2
 .text          0x020216d8      0x11c /usr/local/openravenscar/sparc-ork-elf/lib/libm.a(k_sin.o)
                0x020216d8                __kernel_sin
 .text          0x020217f4      0x2b4 /usr/local/openravenscar/sparc-ork-elf/lib/libm.a(k_tan.o)
                0x020217f4                __kernel_tan
 .text          0x02021aa8      0x40c /usr/local/openravenscar/sparc-ork-elf/lib/libm.a(s_expm1.o)
                0x02021aa8                expm1
 .text          0x02021eb4       0x18 /usr/local/openravenscar/sparc-ork-elf/lib/libm.a(s_finite.o)
                0x02021eb4                finite
 .text          0x02021ecc      0x1a0 /usr/local/openravenscar/sparc-ork-elf/lib/libm.a(s_floor.o)
                0x02021ecc                floor
 .text          0x0202206c       0x28 /usr/local/openravenscar/sparc-ork-elf/lib/libm.a(s_isnan.o)
                0x0202206c                isnan
 .text          0x02022094        0x8 /usr/local/openravenscar/sparc-ork-elf/lib/libm.a(s_matherr.o)
                0x02022094                matherr
 .text          0x0202209c      0x1c8 /usr/local/openravenscar/sparc-ork-elf/lib/libm.a(s_rint.o)
                0x0202209c                rint
 .text          0x02022264      0x1d8 /usr/local/openravenscar/sparc-ork-elf/lib/libm.a(s_scalbn.o)
                0x02022264                scalbn
 .text          0x0202243c       0x40 /usr/local/openravenscar/sparc-ork-elf/lib/libm.a(s_copysign.o)
                0x0202243c                copysign
 .text          0x0202247c        0x8 /usr/local/openravenscar/lib/gcc-lib/sparc-ork-elf/2.8.1/libgcc.a(__dummy.o)
                0x0202247c                __dummy
 .text          0x02022484       0x48 /usr/local/openravenscar/lib/gcc-lib/sparc-ork-elf/2.8.1/libgcc.a(_ashldi3.o)
                0x02022484                __ashldi3
 .text          0x020224cc       0x38 /usr/local/openravenscar/lib/gcc-lib/sparc-ork-elf/2.8.1/libgcc.a(_cmpdi2.o)
                0x020224cc                __cmpdi2
 .text          0x02022504      0x3c0 /usr/local/openravenscar/lib/gcc-lib/sparc-ork-elf/2.8.1/libgcc.a(_divdi3.o)
                0x02022504                __divdi3
 .text          0x020228c4      0x1f4 /usr/local/openravenscar/lib/gcc-lib/sparc-ork-elf/2.8.1/libgcc.a(_divsi3.o)
                0x020228c4                udiv
                0x020228d0                div
 .text          0x02022ab8       0x58 /usr/local/openravenscar/lib/gcc-lib/sparc-ork-elf/2.8.1/libgcc.a(_fixsfdi.o)
                0x02022ab8                __fixsfdi
 .text          0x02022b10      0x1c0 /usr/local/openravenscar/lib/gcc-lib/sparc-ork-elf/2.8.1/libgcc.a(_fixunsdfdi.o)
                0x02022b10                __fixunsdfdi
 .text          0x02022cd0      0x1c8 /usr/local/openravenscar/lib/gcc-lib/sparc-ork-elf/2.8.1/libgcc.a(_fixunssfdi.o)
                0x02022cd0                __fixunssfdi
 .text          0x02022e98       0x54 /usr/local/openravenscar/lib/gcc-lib/sparc-ork-elf/2.8.1/libgcc.a(_floatdidf.o)
                0x02022e98                __floatdidf
 .text          0x02022eec       0xa8 /usr/local/openravenscar/lib/gcc-lib/sparc-ork-elf/2.8.1/libgcc.a(_floatdisf.o)
                0x02022eec                __floatdisf
 .text          0x02022f94       0x48 /usr/local/openravenscar/lib/gcc-lib/sparc-ork-elf/2.8.1/libgcc.a(_lshrdi3.o)
                0x02022f94                __lshrdi3
 .text          0x02022fdc      0x1f4 /usr/local/openravenscar/lib/gcc-lib/sparc-ork-elf/2.8.1/libgcc.a(_modsi3.o)
                0x02022fdc                urem
                0x02022fe8                rem
 .text          0x020231d0       0xe0 /usr/local/openravenscar/lib/gcc-lib/sparc-ork-elf/2.8.1/libgcc.a(_muldi3.o)
                0x020231d0                __muldi3
 .text          0x020232b0       0xe8 /usr/local/openravenscar/lib/gcc-lib/sparc-ork-elf/2.8.1/libgcc.a(_mulsi3.o)
                0x020232b0                umul
 .text          0x02023398      0x340 /usr/local/openravenscar/lib/gcc-lib/sparc-ork-elf/2.8.1/libgcc.a(_udivdi3.o)
                0x02023398                __udivdi3
 .text          0x020236d8      0x39c /usr/local/openravenscar/lib/gcc-lib/sparc-ork-elf/2.8.1/libgcc.a(_umoddi3.o)
                0x020236d8                __umoddi3
 .text          0x02023a74      0xa48 /usr/local/openravenscar/lib/gcc-lib/sparc-ork-elf/2.8.1/libgcc.a(frame.o)
                0x02024398                __frame_state_for
                0x02024330                __deregister_frame_info
                0x02024308                __register_frame_info_table
                0x020242e0                __register_frame_info
 .text          0x020244bc       0x20 /usr/local/openravenscar/sparc-ork-elf/lib/libc.a(abort.o)
                0x020244bc                abort
 .text          0x020244dc       0x1c /usr/local/openravenscar/sparc-ork-elf/lib/libc.a(atoi.o)
                0x020244dc                atoi
 .text          0x020244f8        0xc /usr/local/openravenscar/sparc-ork-elf/lib/libc.a(errno.o)
                0x020244f8                __errno
 .text          0x02024504       0x8c /usr/local/openravenscar/sparc-ork-elf/lib/libc.a(exit.o)
                0x02024504                exit
 .text          0x02024590       0x90 /usr/local/openravenscar/sparc-ork-elf/lib/libc.a(fputc.o)
                0x02024590                fputc
 .text          0x02024620       0x40 /usr/local/openravenscar/sparc-ork-elf/lib/libc.a(getenv.o)
                0x02024640                getenv
                0x02024620                _findenv
 .text          0x02024660      0x100 /usr/local/openravenscar/sparc-ork-elf/lib/libc.a(getenv_r.o)
                0x02024660                _findenv_r
                0x02024744                _getenv_r
 .text          0x02024760       0x1c /usr/local/openravenscar/sparc-ork-elf/lib/libc.a(gmtime.o)
                0x02024760                gmtime
 .text          0x0202477c       0x20 /usr/local/openravenscar/sparc-ork-elf/lib/libc.a(lcltime.o)
                0x0202477c                localtime
 .text          0x0202479c      0x21c /usr/local/openravenscar/sparc-ork-elf/lib/libc.a(lcltime_r.o)
                0x0202479c                localtime_r
 .text          0x020249b8       0x38 /usr/local/openravenscar/sparc-ork-elf/lib/libc.a(malloc.o)
                0x020249b8                malloc
                0x020249d4                free
 .text          0x020249f0      0x774 /usr/local/openravenscar/sparc-ork-elf/lib/libc.a(mallocr.o)
                0x02024bbc                _malloc_r
 .text          0x02025164       0x80 /usr/local/openravenscar/sparc-ork-elf/lib/libc.a(memcmp.o)
                0x02025164                memcmp
 .text          0x020251e4       0xc4 /usr/local/openravenscar/sparc-ork-elf/lib/libc.a(memcpy.o)
                0x020251e4                memcpy
 .text          0x020252a8       0xa4 /usr/local/openravenscar/sparc-ork-elf/lib/libc.a(memset.o)
                0x020252a8                memset
 .text          0x0202534c       0x10 /usr/local/openravenscar/sparc-ork-elf/lib/libc.a(mlock.o)
                0x02025354                __malloc_unlock
                0x0202534c                __malloc_lock
 .text          0x0202535c       0x70 /usr/local/openravenscar/sparc-ork-elf/lib/libc.a(printf.o)
                0x0202538c                printf
                0x0202535c                _printf_r
 .text          0x020253cc       0x20 /usr/local/openravenscar/sparc-ork-elf/lib/libc.a(realloc.o)
                0x020253cc                realloc
 .text          0x020253ec      0x50c /usr/local/openravenscar/sparc-ork-elf/lib/libc.a(reallocr.o)
                0x020253ec                _realloc_r
 .text          0x020258f8       0x40 /usr/local/openravenscar/sparc-ork-elf/lib/libc.a(rget.o)
                0x020258f8                __srget
 .text          0x02025938       0x34 /usr/local/openravenscar/sparc-ork-elf/lib/libc.a(sbrkr.o)
                0x02025938                _sbrk_r
 .text          0x0202596c       0x64 /usr/local/openravenscar/sparc-ork-elf/lib/libc.a(scanf.o)
                0x020259a4                _scanf_r
                0x0202596c                scanf
 .text          0x020259d0      0x24c /usr/local/openravenscar/sparc-ork-elf/lib/libc.a(signal.o)
                0x02025a2c                _signal_r
                0x02025a88                _raise_r
                0x02025b24                __sigtramp_r
                0x02025bc8                signal
                0x02025be8                _init_signal
                0x020259d0                _init_signal_r
                0x02025c00                __sigtramp
                0x02025bac                raise
 .text          0x02025c1c       0x4c /usr/local/openravenscar/sparc-ork-elf/lib/libc.a(signalr.o)
                0x02025c1c                _kill_r
                0x02025c54                _getpid_r
 .text          0x02025c68       0xb4 /usr/local/openravenscar/sparc-ork-elf/lib/libc.a(sprintf.o)
                0x02025c68                _sprintf_r
                0x02025cbc                sprintf
 .text          0x02025d1c       0x8c /usr/local/openravenscar/sparc-ork-elf/lib/libc.a(strcat.o)
                0x02025d1c                strcat
 .text          0x02025da8       0xb8 /usr/local/openravenscar/sparc-ork-elf/lib/libc.a(strcmp.o)
                0x02025da8                strcmp
 .text          0x02025e60       0x8c /usr/local/openravenscar/sparc-ork-elf/lib/libc.a(strcpy.o)
                0x02025e60                strcpy
 .text          0x02025eec       0x78 /usr/local/openravenscar/sparc-ork-elf/lib/libc.a(strlen.o)
                0x02025eec                strlen
 .text          0x02025f64       0xcc /usr/local/openravenscar/sparc-ork-elf/lib/libc.a(strncmp.o)
                0x02025f64                strncmp
 .text          0x02026030       0xd4 /usr/local/openravenscar/sparc-ork-elf/lib/libc.a(strncpy.o)
                0x02026030                strncpy
 .text          0x02026104       0x68 /usr/local/openravenscar/sparc-ork-elf/lib/libc.a(strstr.o)
                0x02026104                strstr
 .text          0x0202616c      0x1f8 /usr/local/openravenscar/sparc-ork-elf/lib/libc.a(strtol.o)
                0x02026340                strtol
                0x0202616c                _strtol_r
 .text          0x02026364     0x19c4 /usr/local/openravenscar/sparc-ork-elf/lib/libc.a(vfprintf.o)
                0x02026468                _vfprintf_r
                0x02026448                vfprintf
 .text          0x02027d28      0xf30 /usr/local/openravenscar/sparc-ork-elf/lib/libc.a(vfscanf.o)
                0x02027d28                __svfscanf
                0x02028b78                __sccl
 .text          0x02028c58      0x10c /usr/local/openravenscar/sparc-ork-elf/lib/libc.a(wbuf.o)
                0x02028c58                __swbuf
 .text          0x02028d64      0x10c /usr/local/openravenscar/sparc-ork-elf/lib/libc.a(wsetup.o)
                0x02028d64                __swsetup
 .text          0x02028e70       0x18 /usr/local/openravenscar/sparc-ork-elf/lib/libc.a(atof.o)
                0x02028e70                atof
 .text          0x02028e88     0x1250 /usr/local/openravenscar/sparc-ork-elf/lib/libc.a(dtoa.o)
                0x02029074                _dtoa_r
 .text          0x0202a0d8       0x10 /usr/local/openravenscar/sparc-ork-elf/lib/libc.a(envlock.o)
                0x0202a0e0                __env_unlock
                0x0202a0d8                __env_lock
 .text          0x0202a0e8       0xf0 /usr/local/openravenscar/sparc-ork-elf/lib/libc.a(fflush.o)
                0x0202a0e8                fflush
 .text          0x0202a1d8      0x228 /usr/local/openravenscar/sparc-ork-elf/lib/libc.a(findfp.o)
                0x0202a390                __sinit
                0x0202a234                __sfmoreglue
                0x0202a378                _cleanup
                0x0202a35c                _cleanup_r
                0x0202a28c                __sfp
 .text          0x0202a400       0xcc /usr/local/openravenscar/sparc-ork-elf/lib/libc.a(fread.o)
                0x0202a400                fread
 .text          0x0202a4cc      0x3c0 /usr/local/openravenscar/sparc-ork-elf/lib/libc.a(freer.o)
                0x0202a4cc                _free_r
                0x0202a768                _malloc_trim_r
 .text          0x0202a88c      0x380 /usr/local/openravenscar/sparc-ork-elf/lib/libc.a(fvwrite.o)
                0x0202a88c                __sfvwrite
 .text          0x0202ac0c       0x60 /usr/local/openravenscar/sparc-ork-elf/lib/libc.a(fwalk.o)
                0x0202ac0c                _fwalk
 .text          0x0202ac6c       0xa4 /usr/local/openravenscar/sparc-ork-elf/lib/libc.a(locale.o)
                0x0202ac6c                _setlocale_r
                0x0202accc                _localeconv_r
                0x0202acd8                setlocale
                0x0202acf8                localeconv
 .text          0x0202ad10      0x144 /usr/local/openravenscar/sparc-ork-elf/lib/libc.a(makebuf.o)
                0x0202ad10                __smakebuf
 .text          0x0202ae54       0x58 /usr/local/openravenscar/sparc-ork-elf/lib/libc.a(mbtowc_r.o)
                0x0202ae54                _mbtowc_r
 .text          0x0202aeac       0xd4 /usr/local/openravenscar/sparc-ork-elf/lib/libc.a(memchr.o)
                0x0202aeac                memchr
 .text          0x0202af80      0x110 /usr/local/openravenscar/sparc-ork-elf/lib/libc.a(memmove.o)
                0x0202af80                memmove
 .text          0x0202b090      0xd14 /usr/local/openravenscar/sparc-ork-elf/lib/libc.a(mprec.o)
                0x0202bd58                _mprec_log10
                0x0202b304                _hi0bits
                0x0202b090                _Balloc
                0x0202bb94                _d2b
                0x0202b474                _multiply
                0x0202bcc8                _ratio
                0x0202b244                _s2b
                0x0202b450                _i2b
                0x0202b384                _lo0bits
                0x0202b844                __mcmp
                0x0202b660                _pow5mult
                0x0202ba08                _ulp
                0x0202ba94                _b2d
                0x0202b160                _multadd
                0x0202b8ac                __mdiff
                0x0202b748                _lshift
                0x0202b128                _Bfree
 .text          0x0202bda4      0x19c /usr/local/openravenscar/sparc-ork-elf/lib/libc.a(refill.o)
                0x0202bdb8                __srefill
 .text          0x0202bf40       0x38 /usr/local/openravenscar/sparc-ork-elf/lib/libc.a(s_isinf.o)
                0x0202bf40                isinf
 .text          0x0202bf78      0x104 /usr/local/openravenscar/sparc-ork-elf/lib/libc.a(stdio.o)
                0x0202c014                __sseek
                0x0202bf78                __sread
                0x0202c064                __sclose
                0x0202bfc4                __swrite
 .text          0x0202c07c      0xedc /usr/local/openravenscar/sparc-ork-elf/lib/libc.a(strtod.o)
                0x0202c07c                _strtod_r
                0x0202cf3c                strtodf
                0x0202cf1c                strtod
 .text          0x0202cf58      0x1d8 /usr/local/openravenscar/sparc-ork-elf/lib/libc.a(strtoul.o)
                0x0202d10c                strtoul
                0x0202cf58                _strtoul_r
 .text          0x0202d130      0x228 /usr/local/openravenscar/sparc-ork-elf/lib/libc.a(ungetc.o)
                0x0202d1e0                ungetc
                0x0202d130                __submore
 .text          0x0202d358       0x3c /usr/local/openravenscar/sparc-ork-elf/lib/libc.a(writer.o)
                0x0202d358                _write_r
 .text          0x0202d394       0xa8 /usr/local/openravenscar/sparc-ork-elf/lib/libc.a(callocr.o)
                0x0202d394                _calloc_r
 .text          0x0202d43c       0x34 /usr/local/openravenscar/sparc-ork-elf/lib/libc.a(closer.o)
                0x0202d43c                _close_r
 .text          0x0202d470       0x38 /usr/local/openravenscar/sparc-ork-elf/lib/libc.a(fstatr.o)
                0x0202d470                _fstat_r
 .text          0x0202d4a8       0x3c /usr/local/openravenscar/sparc-ork-elf/lib/libc.a(lseekr.o)
                0x0202d4a8                _lseek_r
 .text          0x0202d4e4       0x3c /usr/local/openravenscar/sparc-ork-elf/lib/libc.a(readr.o)
                0x0202d4e4                _read_r
 .text          0x0202d520      0x134 /usr/local/openravenscar/sparc-ork-elf/lib/libork.a(ada_exceptions.o)
                0x0202d520                Instruction_Access_Exception
                0x0202d5fc                Division_By_Zero
                0x0202d5d0                Stack_Overflow
                0x0202d54c                Illegal_Instruction
                0x0202d628                Integer_Overflow
                0x0202d5a4                FP_Exception
                0x0202d578                Address_Not_Aligned
 .text          0x0202d654       0x1c /usr/local/openravenscar/sparc-ork-elf/lib/libork.a(close.o)
                0x0202d654                close
 .text          0x0202d670       0x30 /usr/local/openravenscar/sparc-ork-elf/lib/libork.a(execv.o)
                0x0202d670                execv
 .text          0x0202d6a0       0x28 /usr/local/openravenscar/sparc-ork-elf/lib/libork.a(fork.o)
                0x0202d6a0                fork
 .text          0x0202d6c8       0x30 /usr/local/openravenscar/sparc-ork-elf/lib/libork.a(fstat.o)
                0x0202d6c8                fstat
 .text          0x0202d6f8       0x30 /usr/local/openravenscar/sparc-ork-elf/lib/libork.a(getcwd.o)
                0x0202d6f8                getcwd
 .text          0x0202d728       0x30 /usr/local/openravenscar/sparc-ork-elf/lib/libork.a(getpid.o)
                0x0202d728                getpid
                0x0202d740                getppid
 .text          0x0202d758       0x84 /usr/local/openravenscar/sparc-ork-elf/lib/libork.a(isatty.o)
                0x0202d758                isatty
 .text          0x0202d7dc       0x3c /usr/local/openravenscar/sparc-ork-elf/lib/libork.a(kill.o)
                0x0202d7dc                kill
 .text          0x0202d818       0x30 /usr/local/openravenscar/sparc-ork-elf/lib/libork.a(link.o)
                0x0202d818                link
 .text          0x0202d848       0x34 /usr/local/openravenscar/sparc-ork-elf/lib/libork.a(lseek.o)
                0x0202d848                lseek
 .text          0x0202d87c       0x34 /usr/local/openravenscar/sparc-ork-elf/lib/libork.a(open.o)
                0x0202d87c                open
 .text          0x0202d8b0      0x148 /usr/local/openravenscar/sparc-ork-elf/lib/libork.a(read.o)
                0x0202d8b0                read
 .text          0x0202d9f8       0x34 /usr/local/openravenscar/sparc-ork-elf/lib/libork.a(readdir.o)
                0x0202d9f8                readdir
 .text          0x0202da2c       0x20 /usr/local/openravenscar/sparc-ork-elf/lib/libork.a(mkdir.o)
                0x0202da2c                mkdir
 .text          0x0202da4c       0xb0 /usr/local/openravenscar/sparc-ork-elf/lib/libork.a(sbrk.o)
                0x0202da4c                sbrk
 .text          0x0202dafc       0x30 /usr/local/openravenscar/sparc-ork-elf/lib/libork.a(stat.o)
                0x0202dafc                stat
 .text          0x0202db2c       0x2c /usr/local/openravenscar/sparc-ork-elf/lib/libork.a(unlink.o)
                0x0202db2c                unlink
 .text          0x0202db58       0x2c /usr/local/openravenscar/sparc-ork-elf/lib/libork.a(wait.o)
                0x0202db58                wait
 .text          0x0202db84       0xec /usr/local/openravenscar/sparc-ork-elf/lib/libork.a(write.o)
                0x0202db84                write
                0x0202dc70                .=ALIGN(0x10)
 *(.eh_frame)
 .eh_frame      0x0202dc70      0x11c /usr/local/openravenscar/lib/gcc-lib/sparc-ork-elf/2.8.1/adalib/libgnat.a(a-init.o)
 .eh_frame      0x0202dd8c       0x24 /usr/local/openravenscar/lib/gcc-lib/sparc-ork-elf/2.8.1/libgcc.a(__dummy.o)
 .eh_frame      0x0202ddb0       0x24 /usr/local/openravenscar/lib/gcc-lib/sparc-ork-elf/2.8.1/libgcc.a(_ashldi3.o)
 .eh_frame      0x0202ddd4       0x24 /usr/local/openravenscar/lib/gcc-lib/sparc-ork-elf/2.8.1/libgcc.a(_cmpdi2.o)
 .eh_frame      0x0202ddf8       0x2c /usr/local/openravenscar/lib/gcc-lib/sparc-ork-elf/2.8.1/libgcc.a(_divdi3.o)
 .eh_frame      0x0202de24       0x2c /usr/local/openravenscar/lib/gcc-lib/sparc-ork-elf/2.8.1/libgcc.a(_fixsfdi.o)
 .eh_frame      0x0202de50       0x2c /usr/local/openravenscar/lib/gcc-lib/sparc-ork-elf/2.8.1/libgcc.a(_fixunsdfdi.o)
 .eh_frame      0x0202de7c       0x2c /usr/local/openravenscar/lib/gcc-lib/sparc-ork-elf/2.8.1/libgcc.a(_fixunssfdi.o)
 .eh_frame      0x0202dea8       0x28 /usr/local/openravenscar/lib/gcc-lib/sparc-ork-elf/2.8.1/libgcc.a(_floatdidf.o)
 .eh_frame      0x0202ded0       0x28 /usr/local/openravenscar/lib/gcc-lib/sparc-ork-elf/2.8.1/libgcc.a(_floatdisf.o)
 .eh_frame      0x0202def8       0x24 /usr/local/openravenscar/lib/gcc-lib/sparc-ork-elf/2.8.1/libgcc.a(_lshrdi3.o)
 .eh_frame      0x0202df1c       0x2c /usr/local/openravenscar/lib/gcc-lib/sparc-ork-elf/2.8.1/libgcc.a(_muldi3.o)
 .eh_frame      0x0202df48       0x2c /usr/local/openravenscar/lib/gcc-lib/sparc-ork-elf/2.8.1/libgcc.a(_udivdi3.o)
 .eh_frame      0x0202df74       0x2c /usr/local/openravenscar/lib/gcc-lib/sparc-ork-elf/2.8.1/libgcc.a(_umoddi3.o)
 .eh_frame      0x0202dfa0      0x11c /usr/local/openravenscar/lib/gcc-lib/sparc-ork-elf/2.8.1/libgcc.a(frame.o)
 *fill*         0x0202e0bc        0x4
                0x0202e0c0                .=ALIGN(0x10)
 *(.rodata)
 .rodata        0x0202e0c0      0x23c ./devices.o
 *fill*         0x0202e2fc        0x4
 .rodata        0x0202e300       0x4c ./workload.o
 *fill*         0x0202e34c        0x4
 .rodata        0x0202e350       0x52 ./tools.o
 *fill*         0x0202e3a2        0x6
 .rodata        0x0202e3a8      0x152 ./add.o
 *fill*         0x0202e4fa        0x2
 .rodata        0x0202e4fc        0x8 /usr/local/openravenscar/lib/gcc-lib/sparc-ork-elf/2.8.1/adalib/libgnarl.a(a-reatim.o)
 .rodata        0x0202e504        0x8 /usr/local/openravenscar/lib/gcc-lib/sparc-ork-elf/2.8.1/adalib/libgnarl.a(a-retide.o)
 *fill*         0x0202e50c        0x4
 .rodata        0x0202e510       0x24 /usr/local/openravenscar/lib/gcc-lib/sparc-ork-elf/2.8.1/adalib/libgnarl.a(s-taprob.o)
 *fill*         0x0202e534        0x4
 .rodata        0x0202e538       0xd0 /usr/local/openravenscar/lib/gcc-lib/sparc-ork-elf/2.8.1/adalib/libgnarl.a(s-taprop.o)
 .rodata        0x0202e608       0x50 /usr/local/openravenscar/lib/gcc-lib/sparc-ork-elf/2.8.1/adalib/libgnarl.a(s-tarest.o)
 .rodata        0x0202e658      0x14a /usr/local/openravenscar/lib/gcc-lib/sparc-ork-elf/2.8.1/adalib/libgnarl.a(s-tasdeb.o)
 *fill*         0x0202e7a2        0x2
 .rodata        0x0202e7a4      0x300 /usr/local/openravenscar/lib/gcc-lib/sparc-ork-elf/2.8.1/adalib/libgnarl.a(s-taskin.o)
 .rodata        0x0202eaa4        0x8 /usr/local/openravenscar/lib/gcc-lib/sparc-ork-elf/2.8.1/adalib/libgnarl.a(kernel-interrupts.o)
 .rodata        0x0202eaac        0x4 /usr/local/openravenscar/lib/gcc-lib/sparc-ork-elf/2.8.1/adalib/libgnarl.a(kernel-threads-queues.o)
 .rodata        0x0202eab0       0x7c /usr/local/openravenscar/lib/gcc-lib/sparc-ork-elf/2.8.1/adalib/libgnarl.a(kernel-peripherals.o)
 *fill*         0x0202eb2c        0x4
 .rodata        0x0202eb30      0x184 /usr/local/openravenscar/lib/gcc-lib/sparc-ork-elf/2.8.1/adalib/libgnat.a(a-except.o)
 *fill*         0x0202ecb4        0x4
 .rodata        0x0202ecb8        0xd /usr/local/openravenscar/lib/gcc-lib/sparc-ork-elf/2.8.1/adalib/libgnat.a(a-finali.o)
 *fill*         0x0202ecc5        0x3
 .rodata        0x0202ecc8      0x82c /usr/local/openravenscar/lib/gcc-lib/sparc-ork-elf/2.8.1/adalib/libgnat.a(a-nuelfu.o)
 *fill*         0x0202f4f4        0x4
 .rodata        0x0202f4f8       0x42 /usr/local/openravenscar/lib/gcc-lib/sparc-ork-elf/2.8.1/adalib/libgnat.a(a-tags.o)
 *fill*         0x0202f53a        0x6
 .rodata        0x0202f540        0xd /usr/local/openravenscar/lib/gcc-lib/sparc-ork-elf/2.8.1/adalib/libgnat.a(g-except.o)
 *fill*         0x0202f54d        0x3
 .rodata        0x0202f550       0xab /usr/local/openravenscar/lib/gcc-lib/sparc-ork-elf/2.8.1/adalib/libgnat.a(i-c.o)
 *fill*         0x0202f5fb        0x5
 .rodata        0x0202f600       0x24 /usr/local/openravenscar/lib/gcc-lib/sparc-ork-elf/2.8.1/adalib/libgnat.a(s-arit64.o)
 *fill*         0x0202f624        0x4
 .rodata        0x0202f628        0x5 /usr/local/openravenscar/lib/gcc-lib/sparc-ork-elf/2.8.1/adalib/libgnat.a(s-exctab.o)
 *fill*         0x0202f62d        0x3
 .rodata        0x0202f630       0x40 /usr/local/openravenscar/lib/gcc-lib/sparc-ork-elf/2.8.1/adalib/libgnat.a(s-exnflt.o)