Archive member included       because of file (symbol)

/usr/local/openravenscar/lib/gcc-lib/sparc-ork-elf/2.8.1/adalib/libgnarl.a(a-reatim.o)
                              ./devices.o (ada__real_time__clock)
/usr/local/openravenscar/lib/gcc-lib/sparc-ork-elf/2.8.1/adalib/libgnarl.a(a-retide.o)
                              ./add.o (ada__real_time__delays__delay_until)
/usr/local/openravenscar/lib/gcc-lib/sparc-ork-elf/2.8.1/adalib/libgnarl.a(s-taprob.o)
                              ./devices.o (system__tasking__protected_objects__initialize_protection)
/usr/local/openravenscar/lib/gcc-lib/sparc-ork-elf/2.8.1/adalib/libgnarl.a(s-taprop.o)
                              /usr/local/openravenscar/lib/gcc-lib/sparc-ork-elf/2.8.1/adalib/libgnarl.a(a-retide.o) (system__task_primitives__operations__self)
/usr/local/openravenscar/lib/gcc-lib/sparc-ork-elf/2.8.1/adalib/libgnarl.a(s-tarest.o)
                              ./add.o (system__tasking__restricted__stages__create_restricted_task)
/usr/local/openravenscar/lib/gcc-lib/sparc-ork-elf/2.8.1/adalib/libgnarl.a(s-tasdeb.o)
                              b~main.o (system__tasking__debug___elabs)
/usr/local/openravenscar/lib/gcc-lib/sparc-ork-elf/2.8.1/adalib/libgnarl.a(s-taskin.o)
                              /usr/local/openravenscar/lib/gcc-lib/sparc-ork-elf/2.8.1/adalib/libgnarl.a(s-tasdeb.o) (system__tasking__task_statesT)
/usr/local/openravenscar/lib/gcc-lib/sparc-ork-elf/2.8.1/adalib/libgnarl.a(s-taspri.o)
                              /usr/local/openravenscar/lib/gcc-lib/sparc-ork-elf/2.8.1/adalib/libgnarl.a(s-taskin.o) (system__task_primitives___init_proc)
/usr/local/openravenscar/lib/gcc-lib/sparc-ork-elf/2.8.1/adalib/libgnarl.a(kernel-interrupts.o)
                              b~main.o (kernel__interrupts___elabb)
/usr/local/openravenscar/lib/gcc-lib/sparc-ork-elf/2.8.1/adalib/libgnarl.a(kernel-threads.o)
                              b~main.o (kernel__threads___elabs)
/usr/local/openravenscar/lib/gcc-lib/sparc-ork-elf/2.8.1/adalib/libgnarl.a(kernel-threads-atcb.o)
                              /usr/local/openravenscar/lib/gcc-lib/sparc-ork-elf/2.8.1/adalib/libgnarl.a(s-taprop.o) (kernel__threads__atcb__set_atcb)
/usr/local/openravenscar/lib/gcc-lib/sparc-ork-elf/2.8.1/adalib/libgnarl.a(kernel-threads-queues.o)
                              /usr/local/openravenscar/lib/gcc-lib/sparc-ork-elf/2.8.1/adalib/libgnarl.a(s-taprop.o) (running_thread)
/usr/local/openravenscar/lib/gcc-lib/sparc-ork-elf/2.8.1/adalib/libgnarl.a(kernel-threads-protection.o)
                              /usr/local/openravenscar/lib/gcc-lib/sparc-ork-elf/2.8.1/adalib/libgnarl.a(kernel-threads.o) (kernel__threads__protection__dispatch)
/usr/local/openravenscar/lib/gcc-lib/sparc-ork-elf/2.8.1/adalib/libgnarl.a(kernel-time.o)
                              /usr/local/openravenscar/lib/gcc-lib/sparc-ork-elf/2.8.1/adalib/libgnarl.a(s-taprop.o) (kernel_clock)
/usr/local/openravenscar/lib/gcc-lib/sparc-ork-elf/2.8.1/adalib/libgnarl.a(kernel-memory.o)
                              /usr/local/openravenscar/sparc-ork-elf/lib/ada_crt0.o (environment_stack)
/usr/local/openravenscar/lib/gcc-lib/sparc-ork-elf/2.8.1/adalib/libgnarl.a(kernel-cpu_primitives.o)
                              /usr/local/openravenscar/lib/gcc-lib/sparc-ork-elf/2.8.1/adalib/libgnarl.a(kernel-threads-protection.o) (kernel__cpu_primitives__context_switch)
/usr/local/openravenscar/lib/gcc-lib/sparc-ork-elf/2.8.1/adalib/libgnarl.a(kernel-peripherals-registers.o)
                              b~main.o (kernel__peripherals__registers___elabs)
/usr/local/openravenscar/lib/gcc-lib/sparc-ork-elf/2.8.1/adalib/libgnarl.a(kernel-peripherals.o)
                              /usr/local/openravenscar/lib/gcc-lib/sparc-ork-elf/2.8.1/adalib/libgnarl.a(kernel-interrupts.o) (kernel__peripherals__to_vector)
/usr/local/openravenscar/lib/gcc-lib/sparc-ork-elf/2.8.1/adalib/libgnarl.a(kernel-serial_output.o)
                              ./devices.o (kernel__serial_output__put__2)
/usr/local/openravenscar/lib/gcc-lib/sparc-ork-elf/2.8.1/adalib/libgnarl.a(context.o)
                              /usr/local/openravenscar/sparc-ork-elf/lib/ada_crt0.o (context_trap)
/usr/local/openravenscar/lib/gcc-lib/sparc-ork-elf/2.8.1/adalib/libgnarl.a(install_handler.o)
                              /usr/local/openravenscar/sparc-ork-elf/lib/ada_crt0.o (FP_Save_Pending)
/usr/local/openravenscar/lib/gcc-lib/sparc-ork-elf/2.8.1/adalib/libgnarl.a(int_level.o)
                              /usr/local/openravenscar/lib/gcc-lib/sparc-ork-elf/2.8.1/adalib/libgnarl.a(kernel-threads-protection.o) (disable_interrupts)
/usr/local/openravenscar/lib/gcc-lib/sparc-ork-elf/2.8.1/adalib/libgnat.a(a-except.o)
                              b~main.o (ada__exceptions___elabs)
/usr/local/openravenscar/lib/gcc-lib/sparc-ork-elf/2.8.1/adalib/libgnat.a(a-filico.o)
                              b~main.o (ada__finalization__list_controller___elabs)
[...]
Memory Configuration

Name             Origin             Length             Attributes
rom              0x00000000         0x00200000         xr
ram              0x02000000         0x003f8000         xrw
*default*        0x00000000         0xffffffff

Linker script and memory map

                0x00200000                PROM_SIZE=0x200000
                0x00400000                RAM_SIZE=0x400000
                0x00000000                PROM_START=0x0
                0x00200000                PROM_END=(PROM_START+PROM_SIZE)
                0x02000000                RAM_START=0x2000000
                0x02400000                RAM_END=(RAM_START+RAM_SIZE)

.text           0x02000000    0x30020
 CREATE_OBJECT_SYMBOLS
                0x02000000                text_start=.
 *(.text)
 .text          0x02000000     0x1384 /usr/local/openravenscar/sparc-ork-elf/lib/ada_crt0.o
                0x020011bc                __exit
                0x02000000                trap_table
                0x02000000                start
                0x020011bc                _exit
 .text          0x02001384      0x24c b~main.o
                0x020015b8                ada_main___elabb
                0x02001384                adainit
                0x02001538                main
                0x0200151c                adafinal
 .text          0x020015d0       0x1c ./main.o
                0x020015d0                _ada_main
 .text          0x020015ec     0x50d8 ./devices.o
                0x02004c48                devices___init_proc__6
                0x020058f8                devices__display_distance
                0x02005ba0                devices__display_electrodes_sample
                0x02001788                devices__reading_sensors
                0x02003528                devices__reading_speed
                0x02005ab4                devices__display_headposition_sample
                0x02005a20                devices__display_steering
                0x02004094                devices___init_proc__5
                0x02001728                devices___init_proc
                0x020028fc                devices___init_proc__3
                0x02006318                devices(bool,...)(...)( *)
                0x02001d98                devices__reading_eyesimage
                0x0200598c                devices__display_speed
                0x0200664c                devices___elabb
                0x020065f0                devices__activate_brake
                0x02004ca8                devices__reading_steering
                0x02005eb8                devices__display_cronometro
                0x02006230                devices__light
                0x020034c8                devices___init_proc__4
                0x020040f4                devices__reading_headposition
                0x0200295c                devices__reading_distance
                0x02006594                devices__activate_automatic_driving
                0x02001d38                devices___init_proc__2
                0x020015ec                devices___elabs
                0x02005c8c                devices__display_eyes_sample
                0x02005814                devices__display_pulse_rate
 .text          0x020066c4      0x9a8 ./workload.o
                0x020066c4                workload___elabs
                0x02006ac4                workload__small_whetstone
                0x02007054                workload___elabb
 .text          0x0200706c      0x848 ./tools.o
                0x02007884                tools___elabb
                0x02007810                tools__execution_time
                0x02007760                tools__finishing_notice
                0x020076b0                tools__starting_notice
                0x0200706c                tools___elabs
                0x02007358                tools__print_an_integer
                0x02007510                tools__print_a_float
                0x020070b8                tools__current_time
 .text          0x020078b4      0x6e4 ./add.o
                0x020078f0                add___init_proc
                0x020078b4                add__background
                0x02007dc4                add___elabb
 .text          0x02007f98      0x5e4 /usr/local/openravenscar/lib/gcc-lib/sparc-ork-elf/2.8.1/adalib/libgnarl.a(a-reatim.o)
                0x02007fc4                ada__real_time__Oadd__2
                0x02008198                ada__real_time__split
                0x02007fb4                ada__real_time__Oadd
                0x02008014                ada__real_time__Osubtract__4
                0x02008118                ada__real_time__nanoseconds
                0x02008084                ada__real_time__Odivide__2
                0x02008040                ada__real_time__Odivide
                0x02007ff4                ada__real_time__Osubtract__2
                0x02008108                ada__real_time__to_duration
                0x020084b0                ada__real_time__time_of
                0x02007fd4                ada__real_time__Oadd__3
                0x02008168                ada__real_time__milliseconds
                0x02007f98                ada__real_time__clock
                0x0200813c                ada__real_time__microseconds
                0x02007fe4                ada__real_time__Osubtract
                0x02008004                ada__real_time__Osubtract__3
                0x02008110                ada__real_time__to_time_span
                0x020080dc                ada__real_time__Omultiply__2
                0x020080b0                ada__real_time__Omultiply
 .text          0x0200857c       0x68 /usr/local/openravenscar/lib/gcc-lib/sparc-ork-elf/2.8.1/adalib/libgnarl.a(a-retide.o)
                0x020085c0                ada__real_time__delays__to_duration
                0x0200857c                ada__real_time__delays__delay_until
 .text          0x020085e4      0x10c /usr/local/openravenscar/lib/gcc-lib/sparc-ork-elf/2.8.1/adalib/libgnarl.a(s-taprob.o)
                0x020086d0                system__tasking__protected_objects___init_proc
                0x020086a0                system__tasking__protected_objects__unlock
                0x02008610                system__tasking__protected_objects__lock
                0x020086dc                system__tasking__protected_objects___init_proc__2
                0x020085e4                system__tasking__protected_objects__initialize_protection
                0x02008658                system__tasking__protected_objects__lock_read_only
                0x020086b8                system__tasking__protected_objects__finalize_protection
 .text          0x020086f0      0x978 /usr/local/openravenscar/lib/gcc-lib/sparc-ork-elf/2.8.1/adalib/libgnarl.a(s-taprop.o)
                0x02008970                system__task_primitives__operations__get_priority
                0x020087e8                system__task_primitives__operations__unlock__2
                0x02008b48                system__task_primitives__operations__check_no_locks
                0x0200876c                system__task_primitives__operations__write_lock
                0x02008ba8                system__task_primitives__operations__resume_task
                0x02008c28                system__task_primitives__operations___elabb
                0x020088b4                system__task_primitives__operations__clock
                0x02008788                system__task_primitives__operations__write_lock__2
                0x02008728                system__task_primitives__operations__get_thread_id
                0x0200883c                system__task_primitives__operations__timed_delay
                0x02008950                system__task_primitives__operations__set_priority
                0x02008818                system__task_primitives__operations__timed_sleep
                0x0200870c                system__task_primitives__operations__self
                0x02008800                system__task_primitives__operations__sleep
                0x02008b2c                system__task_primitives__operations__set_exit_task_procedure
                0x020087d4                system__task_primitives__operations__unlock
                0x02008b60                system__task_primitives__operations__environment_task
                0x02008734                system__task_primitives__operations__initialize_lock
                0x02008e5c                system__task_primitives__operations___init_proc
                0x02008b10                system__task_primitives__operations__exit_task
                0x020088d8                system__task_primitives__operations__wakeup
                0x020086f0                system__task_primitives__operations__set
                0x02008b38                system__task_primitives__operations__abort_task
                0x02008b6c                system__task_primitives__operations__lock_all_tasks_list
                0x020087a0                system__task_primitives__operations__write_lock__3
                0x02008b00                system__task_primitives__operations__finalize_tcb
                0x020089ec                system__task_primitives__operations__new_atcb
                0x02008ba0                system__task_primitives__operations__suspend_task
                0x020088ec                system__task_primitives__operations__yield
                0x02008b88                system__task_primitives__operations__unlock_all_tasks_list
                0x02008bb0                system__task_primitives__operations__initialize
                0x02008b40                system__task_primitives__operations__check_exit
                0x02008a64                system__task_primitives__operations__initialize_tcb
                0x02008720                system__task_primitives__operations__stack_guard
                0x02008764                system__task_primitives__operations__finalize_lock
                0x02008b08                system__task_primitives__operations__default_exit_task_procedure
                0x02008aa0                system__task_primitives__operations__create_task
                0x0200874c                system__task_primitives__operations__initialize_lock__2
                0x020087b8                system__task_primitives__operations__read_lock
                0x02008988                system__task_primitives__operations__enter_task
 .text          0x02009068      0x924 /usr/local/openravenscar/lib/gcc-lib/sparc-ork-elf/2.8.1/adalib/libgnarl.a(s-tarest.o)
                0x020092dc                system__tasking__restricted__stages__create_restricted_task
                0x020097dc                system__tasking__restricted__stages__restricted_terminated
                0x020094ec                system__tasking__restricted__stages__activate_restricted_tasks
                0x020096ac                system__tasking__restricted__stages__complete_restricted_activation
                0x020097f0                system__tasking__restricted__stages__finalize_global_tasks
                0x02009844                system__tasking__restricted__stages___elabb
                0x0200977c                system__tasking__restricted__stages__complete_restricted_task
 .text          0x0200998c      0xf44 /usr/local/openravenscar/lib/gcc-lib/sparc-ork-elf/2.8.1/adalib/libgnarl.a(s-tasdeb.o)
                0x0200a604                system__tasking__debug__image
                0x0200a8a8                system__tasking__debug___init_proc__2
                0x0200a2e0                system__tasking__debug__print_current_task
                0x0200a554                system__tasking__debug__trace__2
                0x0200998c                system__tasking__debug___elabs
                0x0200a2fc                system__tasking__debug__list_tasks
                0x0200a7ac                system__tasking__debug__resume_all_tasks
                0x02009a04                system__tasking__debug__set_user_state
                0x0200a12c                system__tasking__debug__print_task_info_header
                0x0200a868                system__tasking__debug___init_proc
                0x020099f0                system__tasking__debug__self
                0x0200a7e4                system__tasking__debug___elabb
                0x0200a33c                system__tasking__debug__print_accept_info
                0x0200a5f0                system__tasking__debug__set_trace
                0x0200a400                system__tasking__debug__trace
                0x0200a588                system__tasking__debug__trace__3
                0x0200a5bc                system__tasking__debug__trace__4
                0x02009cec                system__tasking__debug__print_task_info
                0x020099e8                system__tasking__debug__task_termination_hook
                0x020099e0                system__tasking__debug__task_creation_hook
                0x0200a774                system__tasking__debug__suspend_all_tasks
 .text          0x0200a8d0      0x75c /usr/local/openravenscar/lib/gcc-lib/sparc-ork-elf/2.8.1/adalib/libgnarl.a(s-taskin.o)
                0x0200ace4                system__tasking___init_proc__3
                0x0200af8c                system__tasking___init_proc__8
                0x0200af4c                system__tasking___init_proc__7
                0x0200a8d0                system__tasking__self
                0x0200acac                system__tasking___init_proc__2
                0x0200aa0c                system__tasking___elabb
                0x0200ad60                system__tasking___init_proc__4
                0x0200af98                system__tasking___init_proc__9
                0x0200ac58                system__tasking___init_proc
                0x0200adb4                system__tasking___init_proc__6
                0x0200a8e4                system__tasking__initialize_atcb
                0x0200ad6c                system__tasking___init_proc__5
 .text          0x0200b02c       0x14 /usr/local/openravenscar/lib/gcc-lib/sparc-ork-elf/2.8.1/adalib/libgnarl.a(s-taspri.o)
                0x0200b02c                system__task_primitives___init_proc
 .text          0x0200b040      0x1f0 /usr/local/openravenscar/lib/gcc-lib/sparc-ork-elf/2.8.1/adalib/libgnarl.a(kernel-interrupts.o)
                0x0200b108                kernel_detach_interrupt_handler
                0x0200b150                kernel__interrupts___elabb
                0x0200b040                kernel__interrupts__null_handler
                0x0200b048                kernel__interrupts__wrapper
                0x0200b130                kernel_current_interrupt_handler
                0x0200b0a8                kernel_attach_interrupt_handler
                0x0200b1d4                kernel__interrupts___init_proc__2
                0x0200b1bc                kernel__interrupts___init_proc
 .text          0x0200b230      0x5dc /usr/local/openravenscar/lib/gcc-lib/sparc-ork-elf/2.8.1/adalib/libgnarl.a(kernel-threads.o)
                0x0200b230                kernel__threads___elabs
                0x0200b7d0                kernel__threads___init_proc__3
                0x0200b4a0                kernel_yield
                0x0200b5a0                kernel_check_no_mutexes
                0x0200b5b0                kernel_condition_init
                0x0200b400                kernel__threads__set_active_priority
                0x0200b3b4                kernel_set_priority
                0x0200b674                kernel_condition_signal
                0x0200b6d4                kernel_thread_create
                0x0200b2bc                kernel__threads__default_dummy_task_function
                0x0200b79c                kernel_thread_self
                0x0200b26c                kernel__threads__thread_caller
                0x0200b5b8                kernel_condition_wait
                0x0200b2cc                kernel_initialize
                0x0200b540                kernel_mutex_unlock
                0x0200b4e8                kernel_mutex_lock
                0x0200b4dc                kernel_mutex_init
                0x0200b7ac                kernel__threads___elabb
                0x0200b7bc                kernel__threads___init_proc
                0x0200b7c8                kernel__threads___init_proc__2
                0x0200b484                kernel_get_priority
 .text          0x0200b80c       0x28 /usr/local/openravenscar/lib/gcc-lib/sparc-ork-elf/2.8.1/adalib/libgnarl.a(kernel-threads-atcb.o)
                0x0200b824                kernel__threads__atcb___elabb
                0x0200b814                kernel__threads__atcb__thread_self_atcb
                0x0200b80c                kernel__threads__atcb__set_atcb
 .text          0x0200b834      0x478 /usr/local/openravenscar/lib/gcc-lib/sparc-ork-elf/2.8.1/adalib/libgnarl.a(kernel-threads-queues.o)
                0x0200ba4c                kernel__threads__queues__insert_alarm
                0x0200b8f0                kernel__threads__queues__insert_at_tail
                0x0200b84c                kernel__threads__queues__insert_at_head
                0x0200bb18                kernel__threads__queues__extract_first_alarm
                0x0200ba00                kernel__threads__queues__get_new_thread_descriptor
                0x0200bc1c                kernel__threads__queues___init_proc
                0x0200b994                kernel__threads__queues__extract_from_ready
                0x0200bb44                kernel__threads__queues__get_next_alarm_time
                0x0200bb78                kernel__threads__queues___elabb
                0x0200b9dc                kernel__threads__queues__next_running
                0x0200b840                kernel__threads__queues__environment_thread_id
                0x0200b834                kernel__threads__queues__dummy_thread_id
 .text          0x0200bcac      0x108 /usr/local/openravenscar/lib/gcc-lib/sparc-ork-elf/2.8.1/adalib/libgnarl.a(kernel-threads-protection.o)
                0x0200bcd0                kernel__threads__protection__leave_kernel
                0x0200bcac                kernel__threads__protection__dispatch
                0x0200bda4                kernel__threads__protection___elabb
                0x0200bcbc                kernel__threads__protection__enter_kernel
 .text          0x0200bdb4      0x3c4 /usr/local/openravenscar/lib/gcc-lib/sparc-ork-elf/2.8.1/adalib/libgnarl.a(kernel-time.o)
                0x0200be6c                kernel_delay_until
                0x0200bdb4                kernel_clock
                0x0200c138                kernel__time___elabb
 .text          0x0200c178       0x9c /usr/local/openravenscar/lib/gcc-lib/sparc-ork-elf/2.8.1/adalib/libgnarl.a(kernel-memory.o)
                0x0200c1d4                kernel__memory___elabb
                0x0200c180                kernel_new_stack
                0x0200c178                kernel_new_memory_region
 .text          0x0200c214       0x88 /usr/local/openravenscar/lib/gcc-lib/sparc-ork-elf/2.8.1/adalib/libgnarl.a(kernel-cpu_primitives.o)
                0x0200c214                kernel__cpu_primitives__context_switch
                0x0200c220                kernel__cpu_primitives__initialize_context
                0x0200c28c                kernel__cpu_primitives___elabb
 .text          0x0200c29c       0x44 /usr/local/openravenscar/lib/gcc-lib/sparc-ork-elf/2.8.1/adalib/libgnarl.a(kernel-peripherals-registers.o)
                0x0200c29c                kernel__peripherals__registers___elabs
 .text          0x0200c2e0      0x6ac /usr/local/openravenscar/lib/gcc-lib/sparc-ork-elf/2.8.1/adalib/libgnarl.a(kernel-peripherals.o)
                0x0200c2f0                kernel__peripherals__stop_watch_dog
                0x0200c2e0                kernel__peripherals__to_vector
                0x0200c30c                kernel__peripherals__init_clock
                0x0200c8d8                kernel__peripherals___elabb
                0x0200c3f0                kernel__peripherals__cancel_and_set_alarm
                0x0200c3cc                kernel__peripherals__init_board
                0x0200c404                kernel__peripherals__set_alarm
                0x0200c578                kernel__peripherals__read_clock
                0x0200c5e8                kernel__peripherals__clear_alarm_interrupt
                0x0200c818                kernel__peripherals__uart_send
                0x0200c5f0                kernel__peripherals__clear_clock_interrupt
                0x0200c72c                kernel__peripherals__init_uart
                0x0200c304                kernel__peripherals__memory_configuration
                0x0200c5f8                kernel__peripherals__protect_segment
                0x0200c2e8                kernel__peripherals__priority_of_interrupt
 .text          0x0200c98c       0xe4 /usr/local/openravenscar/lib/gcc-lib/sparc-ork-elf/2.8.1/adalib/libgnarl.a(kernel-serial_output.o)
                0x0200c9e4                kernel_new_line
                0x0200c9f8                kernel_put_line_c
                0x0200c9a4                kernel__serial_output__put__2
                0x0200c98c                kernel_put_c
                0x0200ca14                kernel__serial_output__put_line__2
                0x0200ca44                kernel__serial_output___elabb
 .text          0x0200ca70      0x2dc /usr/local/openravenscar/lib/gcc-lib/sparc-ork-elf/2.8.1/adalib/libgnarl.a(context.o)
                0x0200cd44                exit_from_context_switch
                0x0200ca70                context_switch
                0x0200ca7c                context_trap
 .text          0x0200cd4c      0x60c /usr/local/openravenscar/lib/gcc-lib/sparc-ork-elf/2.8.1/adalib/libgnarl.a(install_handler.o)
                0x0200ce04                set_next_running
                0x0200cd4c                enable_traps
                0x0200cdb0                install_trap_handler
                0x0200cd60                install_int_handler
 .text          0x0200d358       0x34 /usr/local/openravenscar/lib/gcc-lib/sparc-ork-elf/2.8.1/adalib/libgnarl.a(int_level.o)
                0x0200d358                disable_interrupts
                0x0200d370                enable_interrupts
 .text          0x0200d38c     0x25c0 /usr/local/openravenscar/lib/gcc-lib/sparc-ork-elf/2.8.1/adalib/libgnat.a(a-except.o)
                0x0200ebf4                ada__exceptions__sdp_table_sort_move
                0x0200ed54                ada__exceptions__string_to_eid
                0x0200e410                __gnat_raise_nodefer_with_msg
                0x0200d5bc                ada__exceptions__current_target_exception
                0x0200e588                ada__exceptions__raise_from_signal_handler
                0x0200d40c                ada__exceptions__address_image
                0x0200e80c                ada__exceptions__save_occurrence
                0x0200f3f0                __gnat_notify_exception
                0x0200e0d0                ada__exceptions__propagate_exception
                0x0200df44                ada__exceptions__exception_name_simple
                0x0200e760                __gnat_reraise
                0x0200e4f0                __gnat_raise_exception
                0x0200d38c                ada__exceptions___elabs
                0x0200d514                __gnat_break_start
                0x0200d500                ada__exceptions__allocate_machine_state
                0x0200d5e0                ada__exceptions__deallocate_machine_state
                0x0200d894                ada__exceptions__exception_information
                0x0200e6c0                __gnat_raise_storage_error
                0x0200d650                ada__exceptions__eo_to_string
                0x0200eb58                ada__exceptions__sdp_table_sort_lt
                0x0200f864                ada__exceptions__raise_exception_no_defer
                0x0200de50                ada__exceptions__exception_name__2
                0x0200f90c                ada__exceptions__zzz
                0x0200d3fc                ada__exceptions__poll
                0x0200e6e0                ada__exceptions__raise_with_c_msg
                0x0200f484                ada__exceptions__unhandled_exception_terminate
                0x0200d5f4                ada__exceptions__eid_to_string
                0x0200e8a0                ada__exceptions__save_occurrence__2
                0x0200e64c                ada__exceptions__raise_with_location
                0x0200e624                ada__exceptions__raise_no_msg
                0x0200dd8c                ada__exceptions__exception_message
                0x0200ec24                ada__exceptions__set_exception_c_msg
                0x0200ee7c                ada__exceptions__string_to_eo
                0x0200e680                __gnat_raise_constraint_error
                0x0200e798                ada__exceptions__reraise_occurrence
                0x0200f914                ada__exceptions___elabb
                0x0200f93c                ada__exceptions___init_proc
                0x0200df14                ada__exceptions__exception_name
                0x0200d404                ada__exceptions__aaa
                0x0200e7e0                ada__exceptions__reraise_occurrence_no_defer
                0x0200d6b0                ada__exceptions__exception_identity
                0x0200e8cc                __gnat_SDP_Table_Build
                0x0200f3e8                __gnat_unhandled_exception
                0x0200d51c                ada__exceptions__call_chain
                0x0200e714                __gnat_raise_with_msg
                0x0200e6a0                __gnat_raise_program_error
 .text          0x0200f94c      0x2ec /usr/local/openravenscar/lib/gcc-lib/sparc-ork-elf/2.8.1/adalib/libgnat.a(a-filico.o)
                0x0200f998                ada__finalization__list_controller___deep_finalize__2
                0x0200fc04                ada__finalization__list_controller___init_proc__2
                0x0200fbc8                ada__finalization__list_controller__finalize
                0x0200f988                ada__finalization__list_controller___size__2
                0x0200fbe0                ada__finalization__list_controller___init_proc
                0x0200fb94                ada__finalization__list_controller__finalize__2
                0x0200f9c4                ada__finalization__list_controller___elabs
                0x0200f94c                ada__finalization__list_controller___size
                0x0200fb7c                ada__finalization__list_controller__initialize__2
                0x0200f95c                ada__finalization__list_controller___deep_finalize
 .text          0x0200fc38      0x560 /usr/local/openravenscar/lib/gcc-lib/sparc-ork-elf/2.8.1/adalib/libgnat.a(a-finali.o)
                0x0200fe98                ada__finalization___size__4
                0x02010118                ada__finalization__initialize
                0x02010130                ada__finalization__Oeq__2
                0x02010158                ada__finalization___init_proc
                0x0200fc60                ada__finalization___write__3
                0x02010150                ada__finalization__finalize__2
                0x0200fc38                ada__finalization___size__3
                0x0200fc48                ada__finalization___read__3
                0x02010120                ada__finalization__adjust
                0x02010178                ada__finalization___init_proc__2
                0x0200fed4                ada__finalization___elabs
                0x02010128                ada__finalization__finalize
                0x0200fe44                ada__finalization___deep_adjust
                0x02010148                ada__finalization__initialize__2
                0x0200fc78                ada__finalization___assign__3
                0x0200fe6c                ada__finalization___deep_finalize
                0x0200fea8                ada__finalization___deep_finalize__2
 .text          0x02010198       0x6c /usr/local/openravenscar/lib/gcc-lib/sparc-ork-elf/2.8.1/adalib/libgnat.a(a-ioexce.o)
                0x02010198                ada__io_exceptions___elabs
 .text          0x02010204     0x1e98 /usr/local/openravenscar/lib/gcc-lib/sparc-ork-elf/2.8.1/adalib/libgnat.a(a-nuelfu.o)
                0x02011cc0                ada__numerics__elementary_functions__sinh
                0x02010b48                ada__numerics__elementary_functions__arcsin
                0x02010930                ada__numerics__elementary_functions__arccosh
                0x02010d74                ada__numerics__elementary_functions__arcsinh
                0x02010204                ada__numerics__elementary_functions__Oexpon
                0x02010a44                ada__numerics__elementary_functions__arccoth
                0x02010a28                ada__numerics__elementary_functions__arccot__2
                0x02010c1c                ada__numerics__elementary_functions__arcsin__2
                0x02010fa4                ada__numerics__elementary_functions__arctan__2
                0x020107c4                ada__numerics__elementary_functions__arccos__2
                0x020112a4                ada__numerics__elementary_functions__cos
                0x02011dcc                ada__numerics__elementary_functions__sqrt
                0x02011ed8                ada__numerics__elementary_functions__tan__2
                0x02011bc4                ada__numerics__elementary_functions__sin__2
                0x02011a54                ada__numerics__elementary_functions__log__2
                0x020114a8                ada__numerics__elementary_functions__cot__2
                0x02012008                ada__numerics__elementary_functions__tanh
                0x02011610                ada__numerics__elementary_functions__coth
                0x02011998                ada__numerics__elementary_functions__log
                0x02011354                ada__numerics__elementary_functions__cosh
                0x02010a10                ada__numerics__elementary_functions__arccot
                0x02010e94                ada__numerics__elementary_functions__arctan
                0x02011b7c                ada__numerics__elementary_functions__sin
                0x020106c4                ada__numerics__elementary_functions__arccos
                0x02011310                ada__numerics__elementary_functions__cos__2
                0x02011e50                ada__numerics__elementary_functions__tan
                0x02011704                ada__numerics__elementary_functions__exp
                0x02011400                ada__numerics__elementary_functions__cot
                0x02011118                ada__numerics__elementary_functions__arctanh
 .text          0x0201209c       0x18 /usr/local/openravenscar/lib/gcc-lib/sparc-ork-elf/2.8.1/adalib/libgnat.a(a-numeri.o)
                0x0201209c                ada__numerics___elabs
 .text          0x020120b4       0xc0 /usr/local/openravenscar/lib/gcc-lib/sparc-ork-elf/2.8.1/adalib/libgnat.a(a-stream.o)
                0x020120cc                ada__streams___elabs
                0x020120c4                ada__streams___deep_finalize
                0x020120b4                ada__streams___size
                0x02012164                ada__streams___init_proc
 .text          0x02012174      0x934 /usr/local/openravenscar/lib/gcc-lib/sparc-ork-elf/2.8.1/adalib/libgnat.a(a-tags.o)
                0x020127dc                ada__tags__length
                0x02012a48                ada__tags___init_proc
                0x020122e8                ada__tags__external_tag_htable__removeXn
                0x02012900                ada__tags__get_rc_offset
                0x02012a1c                ada__tags__set_remotely_callable
                0x020129e4                ada__tags__set_prim_op_address
                0x020129c4                ada__tags__register_tag
                0x02012964                ada__tags__inherit_tsd
                0x02012174                ada__tags___elabs
                0x020128dc                ada__tags__get_expanded_name
                0x020129f8                ada__tags__set_expanded_name
                0x0201290c                ada__tags__get_remotely_callable
                0x02012504                ada__tags__expanded_name
                0x0201218c                ada__tags__external_tag_htable__getXn
                0x020128f4                ada__tags__get_inheritance_depth
                0x02012924                ada__tags__get_tsd
                0x020123e0                ada__tags__external_tag_htable__setXn
                0x0201289c                ada__tags__cw_membership
                0x0201292c                ada__tags__inherit_dt
                0x02012234                ada__tags__external_tag_htable__get_nextXn
                0x0201260c                ada__tags__get_external_tag
                0x02012630                ada__tags__internal_tag
                0x02012a50                ada__tags___init_proc__2
                0x02012838                ada__tags___elabb
                0x020129f0                ada__tags__set_tsd
                0x02012a04                ada__tags__set_external_tag
                0x02012454                ada__tags__get_ht_link
                0x02012810                ada__tags__parent_size
                0x0201241c                ada__tags__equal
                0x02012200                ada__tags__external_tag_htable__get_firstXn
                0x020129d8                ada__tags__set_inheritance_depth
                0x02012588                ada__tags__external_tag
                0x02012270                ada__tags__external_tag_htable__get_non_nullXn
                0x020128e8                ada__tags__get_prim_op_address
                0x02012a10                ada__tags__set_rc_offset
                0x020124c0                ada__tags__hash
                0x020123a0                ada__tags__external_tag_htable__resetXn
                0x020124f8                ada__tags__set_ht_link
                0x02012a5c                ada__tags__external_tag_htable___init_procXn
 .text          0x02012aa8      0x25c /usr/local/openravenscar/lib/gcc-lib/sparc-ork-elf/2.8.1/adalib/libgnat.a(g-except.o)
                0x02012bf4                gnat__exceptions___deep_finalize
                0x02012ac0                gnat__exceptions___write
                0x02012afc                gnat__exceptions___output
                0x02012b1c                gnat__exceptions___assign
                0x02012ac8                gnat__exceptions___input
                0x02012bfc                gnat__exceptions___elabs
                0x02012ab8                gnat__exceptions___read
                0x02012aa8                gnat__exceptions___size
                0x02012cf4                gnat__exceptions___init_proc
                0x02012b14                gnat__exceptions__Oeq
                0x02012bec                gnat__exceptions___deep_adjust
 .text          0x02012d04      0x174 /usr/local/openravenscar/lib/gcc-lib/sparc-ork-elf/2.8.1/adalib/libgnat.a(g-hesora.o)
                0x02012dd4                gnat__heap_sort_a__sort
 .text          0x02012e78      0xc6c /usr/local/openravenscar/lib/gcc-lib/sparc-ork-elf/2.8.1/adalib/libgnat.a(i-c.o)
                0x02013788                interfaces__c__to_c__4
                0x020132c8                interfaces__c__to_ada__6
                0x02012edc                interfaces__c__is_nul_terminated__2
                0x02012f2c                interfaces__c__to_ada
                0x02012f34                interfaces__c__to_ada__2
                0x020133f0                interfaces__c__to_c
                0x02012e90                interfaces__c__is_nul_terminated
                0x0201393c                interfaces__c__to_c__6
                0x02013068                interfaces__c__to_ada__3
                0x02012e78                interfaces__c___elabs
                0x020135f0                interfaces__c__to_c__3
                0x02013188                interfaces__c__to_ada__5
                0x02013790                interfaces__c__to_c__5
                0x020133f8                interfaces__c__to_c__2
                0x02013180                interfaces__c__to_ada__4
 .text          0x02013ae4     0x13b4 /usr/local/openravenscar/lib/gcc-lib/sparc-ork-elf/2.8.1/adalib/libgnat.a(s-arit64.o)
                0x02013c20                system__arith_64__hi
                0x020141c8                system__arith_64__scaled_divide
                0x02014198                system__arith_64__raise_error
                0x02013b98                system__arith_64__Odivide
                0x02013b0c                system__arith_64__Oadd__2
                0x02014dc4                system__arith_64__subtract_with_ovflo_check
                0x02013b3c                system__arith_64__Omultiply
                0x02013c30                system__arith_64__lo
                0x02013b6c                system__arith_64__Omultiply__2
                0x02013ca4                system__arith_64__double_divide
                0x02013f94                system__arith_64__multiply_with_ovflo_check
                0x02014e78                system__arith_64__to_pos_int
                0x02013ae4                system__arith_64__Oadd
                0x02013bf0                system__arith_64__Oconcat
                0x02014e40                system__arith_64__to_neg_int
                0x02013bc4                system__arith_64__Orem
                0x02013c38                system__arith_64__add_with_ovflo_check
                0x02013b24                system__arith_64__Osubtract
 .text          0x02014e98      0x16c /usr/local/openravenscar/lib/gcc-lib/sparc-ork-elf/2.8.1/adalib/libgnat.a(s-except.o)
                0x02014ebc                system__exceptions___init_proc
                0x02014e98                system__exceptions___elabs
                0x02014f64                system__exceptions___init_proc__4
                0x02014f04                system__exceptions___init_proc__3
                0x02014fa4                system__exceptions___init_proc__5
                0x02014ec4                system__exceptions___init_proc__2
 .text          0x02015004      0x54c /usr/local/openravenscar/lib/gcc-lib/sparc-ork-elf/2.8.1/adalib/libgnat.a(s-exctab.o)
                0x02015318                system__exception_table__get_key
                0x020150ac                system__exception_table__exception_htable__get_nextXn
                0x020152e0                system__exception_table__equal
                0x02015258                system__exception_table__exception_htable__setXn
                0x02015504                system__exception_table__exception_htable___init_procXn
                0x02015004                system__exception_table__exception_htable__getXn
                0x0201529c                system__exception_table__get_ht_link
                0x02015218                system__exception_table__exception_htable__resetXn
                0x02015294                system__exception_table__set_ht_link
                0x02015320                system__exception_table__internal_exception
                0x020150e8                system__exception_table__exception_htable__get_non_nullXn
                0x020152a4                system__exception_table__hash
                0x02015078                system__exception_table__exception_htable__get_firstXn
                0x02015454                system__exception_table___elabb
                0x02015440                system__exception_table__register_exception
                0x02015160                system__exception_table__exception_htable__removeXn
 .text          0x02015550      0x1c4 /usr/local/openravenscar/lib/gcc-lib/sparc-ork-elf/2.8.1/adalib/libgnat.a(s-exnflt.o)
                0x02015550                system__exn_flt__exn_float
 .text          0x02015714      0xb2c /usr/local/openravenscar/lib/gcc-lib/sparc-ork-elf/2.8.1/adalib/libgnat.a(s-fatflt.o)
                0x020160c8                system__fat_flt__fat_float__truncation
                0x02015858                system__fat_flt__fat_float__decompose
                0x02015bec                system__fat_flt__fat_float__model
                0x02015af4                system__fat_flt__fat_float__floor
                0x02015c00                system__fat_flt__fat_float__pred
                0x02015ec8                system__fat_flt__fat_float__scaling
                0x02015b7c                system__fat_flt__fat_float__leading_part
                0x02016178                system__fat_flt__fat_float__unbiased_rounding
                0x0201576c                system__fat_flt__fat_float__ceiling
                0x020157cc                system__fat_flt__fat_float__compose
                0x02015acc                system__fat_flt__fat_float__exponent
                0x02015b54                system__fat_flt__fat_float__fraction
                0x02015a44                system__fat_flt__fat_float__gradual_scaling
                0x02015cb8                system__fat_flt__fat_float__remainder
                0x02015e40                system__fat_flt__fat_float__rounding
                0x02015714                system__fat_flt__fat_float__adjacent
                0x02015fe0                system__fat_flt__fat_float__succ
                0x02016220                system__fat_flt__fat_float__valid
                0x020157fc                system__fat_flt__fat_float__copy_sign
                0x02015bd8                system__fat_flt__fat_float__machine
 .text          0x02016240     0x13dc /usr/local/openravenscar/lib/gcc-lib/sparc-ork-elf/2.8.1/adalib/libgnat.a(s-finimp.o)
                0x02017460                system__finalization_implementation__deep_tag_attach
                0x0201646c                system__finalization_implementation___read__2
                0x02016ac0                system__finalization_implementation__detach_from_final_list
                0x02016304                system__finalization_implementation___output
                0x02016f1c                system__finalization_implementation__finalize_list
                0x02016538                system__finalization_implementation__Oeq__2
                0x020175ec                system__finalization_implementation___init_proc__2
                0x02016364                system__finalization_implementation___assign
                0x02017518                system__finalization_implementation__initialize__2
                0x02016924                system__finalization_implementation__attach_to_final_list
                0x020172c4                system__finalization_implementation__deep_tag_adjust
                0x02016580                system__finalization_implementation___assign__2
                0x0201631c                system__finalization_implementation__Oeq
                0x020162ac                system__finalization_implementation___input
                0x02016288                system__finalization_implementation___write
                0x020171d4                system__finalization_implementation__deep_tag_initialize
                0x02017510                system__finalization_implementation__initialize
                0x020175c8                system__finalization_implementation___init_proc
                0x02016490                system__finalization_implementation___write__2
                0x02016680                system__finalization_implementation___elabs
                0x02016520                system__finalization_implementation___output__2
                0x020164b4                system__finalization_implementation___input__2
                0x02016250                system__finalization_implementation___read
                0x02017088                system__finalization_implementation__finalize_one
                0x02017390                system__finalization_implementation__deep_tag_finalize
                0x02017060                system__finalization_implementation__finalize_global_list
                0x020175b4                system__finalization_implementation__finalize
                0x0201645c                system__finalization_implementation___size__2
                0x02017580                system__finalization_implementation__adjust__2
                0x02016240                system__finalization_implementation___size
 .text          0x0201761c      0x658 /usr/local/openravenscar/lib/gcc-lib/sparc-ork-elf/2.8.1/adalib/libgnat.a(s-finroo.o)
                0x0201761c                system__finalization_root___size
                0x02017c50                system__finalization_root___init_proc__2
                0x0201762c                system__finalization_root___read
                0x02017964                system__finalization_root___elabs
                0x0201781c                system__finalization_root__Oeq__2
                0x020177ac                system__finalization_root___input__2
                0x02017634                system__finalization_root___write
                0x02017644                system__finalization_root___assign
                0x02017c10                system__finalization_root__finalize
                0x02017804                system__finalization_root___output__2
                0x02017bb0                system__finalization_root__initialize
                0x0201763c                system__finalization_root__Oeq
                0x02017724                system__finalization_root___read__2
                0x0201777c                system__finalization_root___write__2
                0x02017714                system__finalization_root___size__2
                0x02017be0                system__finalization_root__adjust
                0x02017874                system__finalization_root___assign__2
                0x02017c40                system__finalization_root___init_proc
 .text          0x02017c74      0x1b4 /usr/local/openravenscar/lib/gcc-lib/sparc-ork-elf/2.8.1/adalib/libgnat.a(s-imgint.o)
                0x02017db0                system__img_int__set_image_integer
                0x02017c74                system__img_int__image_integer
 .text          0x02017e28      0xbc8 /usr/local/openravenscar/lib/gcc-lib/sparc-ork-elf/2.8.1/adalib/libgnat.a(s-imgrea.o)
                0x02017e28                system__img_real__image_ordinary_fixed_point
                0x02018514                system__img_real__set_image_real
                0x02017efc                system__img_real__image_floating_point
 .text          0x020189f0      0x160 /usr/local/openravenscar/lib/gcc-lib/sparc-ork-elf/2.8.1/adalib/libgnat.a(s-imguns.o)
                0x020189f0                system__img_uns__image_unsigned
                0x02018b10                system__img_uns__set_image_unsigned
 .text          0x02018b50       0x40 /usr/local/openravenscar/lib/gcc-lib/sparc-ork-elf/2.8.1/adalib/libgnat.a(s-mastop.o)
                0x02018b68                system__machine_state_operations__get_code_loc
                0x02018b50                system__machine_state_operations__allocate_machine_state
                0x02018b88                system__machine_state_operations__set_signal_machine_state
                0x02018b60                system__machine_state_operations__free_machine_state
                0x02018b70                system__machine_state_operations__machine_state_length
                0x02018b58                system__machine_state_operations__enter_handler
                0x02018b80                system__machine_state_operations__set_machine_state
                0x02018b78                system__machine_state_operations__pop_frame
 .text          0x02018b90       0x50 /usr/local/openravenscar/lib/gcc-lib/sparc-ork-elf/2.8.1/adalib/libgnat.a(s-parame.o)
                0x02018b98                system__parameters__minimum_stack_size
                0x02018ba0                system__parameters__adjust_storage_size
                0x02018b90                system__parameters__default_stack_size
 .text          0x02018be0      0x314 /usr/local/openravenscar/lib/gcc-lib/sparc-ork-elf/2.8.1/adalib/libgnat.a(s-secsta.o)
                0x02018eec                system__secondary_stack___init_proc__2
                0x02018e90                system__secondary_stack___elabb
                0x02018be0                system__secondary_stack__ss_allocate
                0x02018dd4                system__secondary_stack__ss_free
                0x02018e70                system__secondary_stack__ss_release
                0x02018e50                system__secondary_stack__ss_mark
                0x02018ed8                system__secondary_stack___init_proc
                0x02018d70                system__secondary_stack__ss_init
 .text          0x02018ef4      0x1fc /usr/local/openravenscar/lib/gcc-lib/sparc-ork-elf/2.8.1/adalib/libgnat.a(s-sopco3.o)
                0x02018ef4                system__string_ops_concat_3__str_concat_3
 .text          0x020190f0      0x1e4 /usr/local/openravenscar/lib/gcc-lib/sparc-ork-elf/2.8.1/adalib/libgnat.a(s-stache.o)
                0x020190f0                system__stack_checking___elabs
                0x02019108                _gnat_stack_check
                0x0201928c                system__stack_checking__set_stack_size
                0x020192c4                system__stack_checking___init_proc
                0x02019194                system__stack_checking__invalidate_stack_cache
                0x020192b4                system__stack_checking__update_stack_cache
 .text          0x020192d4       0x28 /usr/local/openravenscar/lib/gcc-lib/sparc-ork-elf/2.8.1/adalib/libgnat.a(s-stalib.o)
                0x020192d4                system__standard_library__abort_undefer_direct
                0x020192f0                system__standard_library___init_proc
 .text          0x020192fc       0x64 /usr/local/openravenscar/lib/gcc-lib/sparc-ork-elf/2.8.1/adalib/libgnat.a(s-stoele.o)
                0x0201931c                system__storage_elements__Omod
                0x02019350                system__storage_elements__to_address
                0x02019304                system__storage_elements__Oadd__2
                0x0201930c                system__storage_elements__Osubtract
                0x020192fc                system__storage_elements__Oadd
                0x02019358                system__storage_elements__to_integer
                0x02019314                system__storage_elements__Osubtract__2
 .text          0x02019360     0x102c /usr/local/openravenscar/lib/gcc-lib/sparc-ork-elf/2.8.1/adalib/libgnat.a(s-stratt.o)
                0x02019a78                system__stream_attributes__i_si
                0x02019d30                system__stream_attributes__w_ad
                0x02019468                system__stream_attributes__i_b
                0x02019e24                system__stream_attributes__w_c
                0x02019640                system__stream_attributes__i_lf
                0x020199f0                system__stream_attributes__i_sf
                0x0201a2ac                system__stream_attributes__w_su
                0x020194cc                system__stream_attributes__i_c
                0x02019770                system__stream_attributes__i_llf
                0x02019bb8                system__stream_attributes__i_su
                0x020198c0                system__stream_attributes__i_llu
                0x0201a1a8                system__stream_attributes__w_sf
                0x02019c30                system__stream_attributes__i_u
                0x0201a348                system__stream_attributes__w_wc
                0x02019360                system__stream_attributes__i_ad
                0x0201a2f0                system__stream_attributes__w_u
                0x0201a150                system__stream_attributes__w_lu
                0x02019df0                system__stream_attributes__w_b
                0x0201a058                system__stream_attributes__w_lli
                0x02019b54                system__stream_attributes__i_ssu
                0x020196e8                system__stream_attributes__i_li
                0x0201a244                system__stream_attributes__w_ssi
                0x0201a200                system__stream_attributes__w_si
                0x02019f08                system__stream_attributes__w_lf
                0x02019af0                system__stream_attributes__i_ssi
                0x02019530                system__stream_attributes__i_f
                0x02019f84                system__stream_attributes__w_li
                0x02019da0                system__stream_attributes__w_as
                0x02019eb0                system__stream_attributes__w_i
                0x020195b8                system__stream_attributes__i_i
                0x02019818                system__stream_attributes__i_lli
                0x02019cb8                system__stream_attributes__i_wc
                0x02019fdc                system__stream_attributes__w_llf
                0x0201a278                system__stream_attributes__w_ssu
                0x020193d8                system__stream_attributes__i_as
                0x02019e58                system__stream_attributes__w_f
                0x0201a0d4                system__stream_attributes__w_llu
                0x02019968                system__stream_attributes__i_lu
 .text          0x0201a38c      0x5b8 /usr/local/openravenscar/lib/gcc-lib/sparc-ork-elf/2.8.1/adalib/libgnat.a(s-strops.o)
                0x0201a7b0                system__string_ops__str_equal
                0x0201a688                system__string_ops__str_concat_sc
                0x0201a8c0                system__string_ops__str_normalize
                0x0201a38c                system__string_ops__str_concat
                0x0201a5ac                system__string_ops__str_concat_cs
                0x0201a900                system__string_ops__wide_str_normalize
                0x0201a54c                system__string_ops__str_concat_cc
 .text          0x0201a944      0x298 /usr/local/openravenscar/lib/gcc-lib/sparc-ork-elf/2.8.1/adalib/libgnat.a(s-soflin.o)
                0x0201aaa8                system__soft_links__set_jmpbuf_address_soft
                0x0201aa14                system__soft_links__get_stack_info_nt
                0x0201ab70                system__soft_links___elabb
                0x0201aa08                system__soft_links__get_current_excep_nt
                0x0201ab18                system__soft_links__set_exc_stack_addr_soft
                0x0201a944                system__soft_links__abort_defer_nt
                0x0201a978                system__soft_links__check_abort_status_nt
                0x0201a9c0                system__soft_links__get_sec_stack_addr_nt
                0x0201a9b4                system__soft_links__set_jmpbuf_address_nt
                0x0201a998                system__soft_links__task_lock_nt
                0x0201ab54                system__soft_links__set_machine_state_addr_soft
                0x0201a988                system__soft_links__current_master_nt
                0x0201a94c                system__soft_links__abort_handler_nt
                0x0201aa44                system__soft_links__destroy_tsd
                0x0201aafc                system__soft_links__get_exc_stack_addr_soft
                0x0201a9a8                system__soft_links__get_jmpbuf_address_nt
                0x0201a954                system__soft_links__abort_undefer_nt
                0x0201aa20                system__soft_links__create_tsd
                0x0201a9e4                system__soft_links__set_machine_state_addr_nt
                0x0201a9cc                system__soft_links__set_sec_stack_addr_nt
                0x0201a95c                system__soft_links__update_exception_nt
                0x0201a9fc                system__soft_links__set_exc_stack_addr_nt
                0x0201abb0                system__soft_links___init_proc
                0x0201aa8c                system__soft_links__get_jmpbuf_address_soft
                0x0201a990                system__soft_links__enter_master_nt
                0x0201ab38                system__soft_links__get_machine_state_addr_soft
                0x0201aae0                system__soft_links__set_sec_stack_addr_soft
                0x0201a9a0                system__soft_links__task_unlock_nt
                0x0201aa68                system__soft_links__get_gnat_exception
                0x0201aac4                system__soft_links__get_sec_stack_addr_soft
                0x0201a980                system__soft_links__complete_master_nt
                0x0201a9d8                system__soft_links__get_machine_state_addr_nt
                0x0201a9f0                system__soft_links__get_exc_stack_addr_nt
 .text          0x0201abdc       0x68 /usr/local/openravenscar/lib/gcc-lib/sparc-ork-elf/2.8.1/adalib/libgnat.a(s-traceb.o)
                0x0201abf0                system__traceback__get_code_loc
                0x0201ac18                system__traceback__pop_frame
                0x0201ac04                system__traceback__free_machine_state
                0x0201abdc                system__traceback__allocate_machine_state
                0x0201ac30                system__traceback__set_machine_state
 .text          0x0201ac44       0xfc /usr/local/openravenscar/lib/gcc-lib/sparc-ork-elf/2.8.1/adalib/libgnat.a(a-argv.o)
                0x0201ad0c                fill_env
                0x0201acb0                env_count
                0x0201acec                len_env
                0x0201ac44                arg_count
                0x0201ac50                gnat_argval
                0x0201ac7c                fill_arg
                0x0201ac5c                len_arg
 .text          0x0201ad40      0x14c /usr/local/openravenscar/lib/gcc-lib/sparc-ork-elf/2.8.1/adalib/libgnat.a(a-cio.o)
                0x0201ad60                put_int
                0x0201ad7c                get_char
                0x0201ad40                get_int
                0x0201ae6c                put_char_stderr
                0x0201adcc                put_char
 .text          0x0201ae8c        0xc /usr/local/openravenscar/lib/gcc-lib/sparc-ork-elf/2.8.1/adalib/libgnat.a(a-exit.o)
                0x0201ae8c                set_gnat_exit_status
 .text          0x0201ae98      0x1f4 /usr/local/openravenscar/lib/gcc-lib/sparc-ork-elf/2.8.1/adalib/libgnat.a(a-raise.o)
                0x0201ae98                _gnat_builtin_longjmp
                0x0201aef0                __gnat_malloc
                0x0201afa8                __gnat_free
                0x0201aed8                __gnat_unhandled_terminate
                0x0201afe4                __gnat_realloc
 .text          0x0201b08c      0x410 /usr/local/openravenscar/lib/gcc-lib/sparc-ork-elf/2.8.1/adalib/libgnat.a(a-init.o)
                0x0201b280                __gnat_pop_frame
                0x0201b494                __gnat_init_float
                0x0201b08c                __gnat_set_globals
                0x0201b48c                __gnat_get_code_loc
                0x0201b0e4                __gnat_initialize
                0x0201b3d0                __gnat_enter_handler
                0x0201b484                __gnat_machine_state_length
                0x0201b324                __gnat_set_machine_state
 .text          0x0201b49c        0x8 /usr/local/openravenscar/lib/gcc-lib/sparc-ork-elf/2.8.1/adalib/libgnat.a(a-final.o)
                0x0201b49c                __gnat_finalize
 .text          0x0201b4a4      0xc1c /usr/local/openravenscar/lib/gcc-lib/sparc-ork-elf/2.8.1/adalib/libgnat.a(s-fatllf.o)
                0x0201b5a8                system__fat_llf__fat_long_long_float__copy_sign
                0x0201b818                system__fat_llf__fat_long_long_float__gradual_scaling
                0x0201bfec                system__fat_llf__fat_long_long_float__unbiased_rounding
                0x0201b8b0                system__fat_llf__fat_long_long_float__exponent
                0x0201b574                system__fat_llf__fat_long_long_float__compose
                0x0201b8dc                system__fat_llf__fat_long_long_float__floor
                0x0201b4a4                system__fat_llf__fat_long_long_float__adjacent
                0x0201ba08                system__fat_llf__fat_long_long_float__pred
                0x0201b948                system__fat_llf__fat_long_long_float__fraction
                0x0201bac8                system__fat_llf__fat_long_long_float__remainder
                0x0201bd10                system__fat_llf__fat_long_long_float__scaling
                0x0201b508                system__fat_llf__fat_long_long_float__ceiling
                0x0201b60c                system__fat_llf__fat_long_long_float__decompose
                0x0201be38                system__fat_llf__fat_long_long_float__succ
                0x0201b974                system__fat_llf__fat_long_long_float__leading_part
                0x0201bc78                system__fat_llf__fat_long_long_float__rounding
                0x0201b9f0                system__fat_llf__fat_long_long_float__model
                0x0201c098                system__fat_llf__fat_long_long_float__valid
                0x0201bf28                system__fat_llf__fat_long_long_float__truncation
                0x0201b9dc                system__fat_llf__fat_long_long_float__machine
 .text          0x0201c0c0      0x18c /usr/local/openravenscar/lib/gcc-lib/sparc-ork-elf/2.8.1/adalib/libgnat.a(s-imgllu.o)
                0x0201c0c0                system__img_llu__image_long_long_unsigned
                0x0201c208                system__img_llu__set_image_long_long_unsigned
 .text          0x0201c24c      0x894 /usr/local/openravenscar/lib/gcc-lib/sparc-ork-elf/2.8.1/adalib/libgnat.a(a-adaint.o)
                0x0201c3dc                get_object_suffix_ptr
                0x0201c388                Get_Default_Identifier_Character_Set
                0x0201c370                Get_Maximum_File_Name_Length
                0x0201c380                Get_File_Names_Case_Sensitive
                0x0201c5f8                file_time_name
                0x0201c398                Get_Pathsep_Char
                0x0201c478                open_read
                0x0201c390                Get_Dirsep_Char
                0x0201c690                is_regular_file
                0x0201c378                Get_Switch_Character
                0x0201c844                locate_regular_file
                0x0201ca94                to_canonical_file_list_next
                0x0201cac0                to_host_dir_spec
                0x0201c670                __gnat_file_exists
                0x0201c564                __gnat_mkdir
                0x0201cab8                to_canonical_path_spec
                0x0201c710                is_writable_file
                0x0201c53c                open_new_temp
                0x0201c744                portable_spawn
                0x0201caa8                to_canonical_dir_spec
                0x0201c630                get_env_value_ptr
                0x0201c614                file_time_fd
                0x0201c5f0                readdir_is_thread_safe
                0x0201c514                open_new
                0x0201c24c                to_gm_time
                0x0201c2c0                Try_Lock
                0x0201cab0                to_canonical_file_spec
                0x0201c800                portable_wait
                0x0201ca8c                to_canonical_file_list_init
                0x0201cad8                convert_addresses
                0x0201c410                get_executable_suffix_ptr
                0x0201c6d0                is_directory
                0x0201c4ec                open_append
                0x0201c4c4                open_create
                0x0201c49c                open_rw
                0x0201c57c                file_length
                0x0201c5bc                readdir_gnat
                0x0201cad0                adjust_os_resource_limits
                0x0201c9d0                locate_exec
                0x0201c7c0                portable_no_block_spawn
                0x0201c830                os_exit
                0x0201c664                Get_Libraries_From_Registry
                0x0201caa0                to_canonical_file_list_free
                0x0201c3a0                Get_Current_Dir
                0x0201cac8                to_host_file_spec
                0x0201ca44                locate_exec_on_path
                0x0201c444                get_debuggable_suffix_ptr
 .text          0x0201cae0      0x294 /usr/local/openravenscar/sparc-ork-elf/lib/libm.a(s_atan.o)
                0x0201cae0                atan
 .text          0x0201cd74       0xf0 /usr/local/openravenscar/sparc-ork-elf/lib/libm.a(s_cos.o)
                0x0201cd74                cos
 .text          0x0201ce64       0x2c /usr/local/openravenscar/sparc-ork-elf/lib/libm.a(s_fabs.o)
                0x0201ce64                fabs
 .text          0x0201ce90       0xf0 /usr/local/openravenscar/sparc-ork-elf/lib/libm.a(s_sin.o)
                0x0201ce90                sin
 .text          0x0201cf80       0x9c /usr/local/openravenscar/sparc-ork-elf/lib/libm.a(s_tan.o)
                0x0201cf80                tan
 .text          0x0201d01c      0x134 /usr/local/openravenscar/sparc-ork-elf/lib/libm.a(s_tanh.o)
                0x0201d01c                tanh
 .text          0x0201d150       0xf8 /usr/local/openravenscar/sparc-ork-elf/lib/libm.a(w_acos.o)
                0x0201d150                acos
 .text          0x0201d248       0xf8 /usr/local/openravenscar/sparc-ork-elf/lib/libm.a(w_asin.o)
                0x0201d248                asin
 .text          0x0201d340      0x1c0 /usr/local/openravenscar/sparc-ork-elf/lib/libm.a(w_exp.o)
                0x0201d340                exp
 .text          0x0201d500      0x184 /usr/local/openravenscar/sparc-ork-elf/lib/libm.a(w_log.o)
                0x0201d500                log
 .text          0x0201d684      0x60c /usr/local/openravenscar/sparc-ork-elf/lib/libm.a(w_pow.o)
                0x0201d684                pow
 .text          0x0201dc90      0x118 /usr/local/openravenscar/sparc-ork-elf/lib/libm.a(w_sqrt.o)
                0x0201dc90                sqrt
 .text          0x0201dda8      0x3ac /usr/local/openravenscar/sparc-ork-elf/lib/libm.a(e_acos.o)
                0x0201dda8                __ieee754_acos
 .text          0x0201e154      0x340 /usr/local/openravenscar/sparc-ork-elf/lib/libm.a(e_asin.o)
                0x0201e154                __ieee754_asin
 .text          0x0201e494      0x2f0 /usr/local/openravenscar/sparc-ork-elf/lib/libm.a(e_exp.o)
                0x0201e494                __ieee754_exp
 .text          0x0201e784      0x310 /usr/local/openravenscar/sparc-ork-elf/lib/libm.a(e_log.o)
                0x0201e784                __ieee754_log
 .text          0x0201ea94      0x99c /usr/local/openravenscar/sparc-ork-elf/lib/libm.a(e_pow.o)
                0x0201ea94                __ieee754_pow
 .text          0x0201f430      0x3d8 /usr/local/openravenscar/sparc-ork-elf/lib/libm.a(e_rem_pio2.o)
                0x0201f430                __ieee754_rem_pio2
 .text          0x0201f808      0x264 /usr/local/openravenscar/sparc-ork-elf/lib/libm.a(e_sqrt.o)
                0x0201f808                __ieee754_sqrt
 .text          0x0201fa6c      0x17c /usr/local/openravenscar/sparc-ork-elf/lib/libm.a(k_cos.o)
                0x0201fa6c                __kernel_cos
 .text          0x0201fbe8      0x838 /usr/local/openravenscar/sparc-ork-elf/lib/libm.a(k_rem_pio2.o)
                0x0201fbe8                __kernel_rem_pio2
 .text          0x02020420      0x11c /usr/local/openravenscar/sparc-ork-elf/lib/libm.a(k_sin.o)
                0x02020420                __kernel_sin
 .text          0x0202053c      0x2b4 /usr/local/openravenscar/sparc-ork-elf/lib/libm.a(k_tan.o)
                0x0202053c                __kernel_tan
 .text          0x020207f0      0x40c /usr/local/openravenscar/sparc-ork-elf/lib/libm.a(s_expm1.o)
                0x020207f0                expm1
 .text          0x02020bfc       0x18 /usr/local/openravenscar/sparc-ork-elf/lib/libm.a(s_finite.o)
                0x02020bfc                finite
 .text          0x02020c14      0x1a0 /usr/local/openravenscar/sparc-ork-elf/lib/libm.a(s_floor.o)
                0x02020c14                floor
 .text          0x02020db4       0x28 /usr/local/openravenscar/sparc-ork-elf/lib/libm.a(s_isnan.o)
                0x02020db4                isnan
 .text          0x02020ddc        0x8 /usr/local/openravenscar/sparc-ork-elf/lib/libm.a(s_matherr.o)
                0x02020ddc                matherr
 .text          0x02020de4      0x1c8 /usr/local/openravenscar/sparc-ork-elf/lib/libm.a(s_rint.o)
                0x02020de4                rint
 .text          0x02020fac      0x1d8 /usr/local/openravenscar/sparc-ork-elf/lib/libm.a(s_scalbn.o)
                0x02020fac                scalbn
 .text          0x02021184       0x40 /usr/local/openravenscar/sparc-ork-elf/lib/libm.a(s_copysign.o)
                0x02021184                copysign
 .text          0x020211c4        0x8 /usr/local/openravenscar/lib/gcc-lib/sparc-ork-elf/2.8.1/libgcc.a(__dummy.o)
                0x020211c4                __dummy
 .text          0x020211cc       0x48 /usr/local/openravenscar/lib/gcc-lib/sparc-ork-elf/2.8.1/libgcc.a(_ashldi3.o)
                0x020211cc                __ashldi3
 .text          0x02021214       0x38 /usr/local/openravenscar/lib/gcc-lib/sparc-ork-elf/2.8.1/libgcc.a(_cmpdi2.o)
                0x02021214                __cmpdi2
 .text          0x0202124c      0x3c0 /usr/local/openravenscar/lib/gcc-lib/sparc-ork-elf/2.8.1/libgcc.a(_divdi3.o)
                0x0202124c                __divdi3
 .text          0x0202160c      0x1f4 /usr/local/openravenscar/lib/gcc-lib/sparc-ork-elf/2.8.1/libgcc.a(_divsi3.o)
                0x0202160c                udiv
                0x02021618                div
 .text          0x02021800       0x58 /usr/local/openravenscar/lib/gcc-lib/sparc-ork-elf/2.8.1/libgcc.a(_fixsfdi.o)
                0x02021800                __fixsfdi
 .text          0x02021858      0x1c0 /usr/local/openravenscar/lib/gcc-lib/sparc-ork-elf/2.8.1/libgcc.a(_fixunsdfdi.o)
                0x02021858                __fixunsdfdi
 .text          0x02021a18      0x1c8 /usr/local/openravenscar/lib/gcc-lib/sparc-ork-elf/2.8.1/libgcc.a(_fixunssfdi.o)
                0x02021a18                __fixunssfdi
 .text          0x02021be0       0x54 /usr/local/openravenscar/lib/gcc-lib/sparc-ork-elf/2.8.1/libgcc.a(_floatdidf.o)
                0x02021be0                __floatdidf
 .text          0x02021c34       0xa8 /usr/local/openravenscar/lib/gcc-lib/sparc-ork-elf/2.8.1/libgcc.a(_floatdisf.o)
                0x02021c34                __floatdisf
 .text          0x02021cdc       0x48 /usr/local/openravenscar/lib/gcc-lib/sparc-ork-elf/2.8.1/libgcc.a(_lshrdi3.o)
                0x02021cdc                __lshrdi3
 .text          0x02021d24      0x1f4 /usr/local/openravenscar/lib/gcc-lib/sparc-ork-elf/2.8.1/libgcc.a(_modsi3.o)
                0x02021d24                urem
                0x02021d30                rem
 .text          0x02021f18       0xe0 /usr/local/openravenscar/lib/gcc-lib/sparc-ork-elf/2.8.1/libgcc.a(_muldi3.o)
                0x02021f18                __muldi3
 .text          0x02021ff8       0xe8 /usr/local/openravenscar/lib/gcc-lib/sparc-ork-elf/2.8.1/libgcc.a(_mulsi3.o)
                0x02021ff8                umul
 .text          0x020220e0      0x340 /usr/local/openravenscar/lib/gcc-lib/sparc-ork-elf/2.8.1/libgcc.a(_udivdi3.o)
                0x020220e0                __udivdi3
 .text          0x02022420      0x39c /usr/local/openravenscar/lib/gcc-lib/sparc-ork-elf/2.8.1/libgcc.a(_umoddi3.o)
                0x02022420                __umoddi3
 .text          0x020227bc      0xa48 /usr/local/openravenscar/lib/gcc-lib/sparc-ork-elf/2.8.1/libgcc.a(frame.o)
                0x020230e0                __frame_state_for
                0x02023078                __deregister_frame_info
                0x02023050                __register_frame_info_table
                0x02023028                __register_frame_info
 .text          0x02023204       0x20 /usr/local/openravenscar/sparc-ork-elf/lib/libc.a(abort.o)
                0x02023204                abort
 .text          0x02023224       0x1c /usr/local/openravenscar/sparc-ork-elf/lib/libc.a(atoi.o)
                0x02023224                atoi
 .text          0x02023240        0xc /usr/local/openravenscar/sparc-ork-elf/lib/libc.a(errno.o)
                0x02023240                __errno
 .text          0x0202324c       0x8c /usr/local/openravenscar/sparc-ork-elf/lib/libc.a(exit.o)
                0x0202324c                exit
 .text          0x020232d8       0x90 /usr/local/openravenscar/sparc-ork-elf/lib/libc.a(fputc.o)
                0x020232d8                fputc
 .text          0x02023368       0x40 /usr/local/openravenscar/sparc-ork-elf/lib/libc.a(getenv.o)
                0x02023388                getenv
                0x02023368                _findenv
 .text          0x020233a8      0x100 /usr/local/openravenscar/sparc-ork-elf/lib/libc.a(getenv_r.o)
                0x020233a8                _findenv_r
                0x0202348c                _getenv_r
 .text          0x020234a8       0x1c /usr/local/openravenscar/sparc-ork-elf/lib/libc.a(gmtime.o)
                0x020234a8                gmtime
 .text          0x020234c4       0x20 /usr/local/openravenscar/sparc-ork-elf/lib/libc.a(lcltime.o)
                0x020234c4                localtime
 .text          0x020234e4      0x21c /usr/local/openravenscar/sparc-ork-elf/lib/libc.a(lcltime_r.o)
                0x020234e4                localtime_r
 .text          0x02023700       0x38 /usr/local/openravenscar/sparc-ork-elf/lib/libc.a(malloc.o)
                0x02023700                malloc
                0x0202371c                free
 .text          0x02023738      0x774 /usr/local/openravenscar/sparc-ork-elf/lib/libc.a(mallocr.o)
                0x02023904                _malloc_r
 .text          0x02023eac       0x80 /usr/local/openravenscar/sparc-ork-elf/lib/libc.a(memcmp.o)
                0x02023eac                memcmp
 .text          0x02023f2c       0xc4 /usr/local/openravenscar/sparc-ork-elf/lib/libc.a(memcpy.o)
                0x02023f2c                memcpy
 .text          0x02023ff0       0xa4 /usr/local/openravenscar/sparc-ork-elf/lib/libc.a(memset.o)
                0x02023ff0                memset
 .text          0x02024094       0x10 /usr/local/openravenscar/sparc-ork-elf/lib/libc.a(mlock.o)
                0x0202409c                __malloc_unlock
                0x02024094                __malloc_lock
 .text          0x020240a4       0x70 /usr/local/openravenscar/sparc-ork-elf/lib/libc.a(printf.o)
                0x020240d4                printf
                0x020240a4                _printf_r
 .text          0x02024114       0x20 /usr/local/openravenscar/sparc-ork-elf/lib/libc.a(realloc.o)
                0x02024114                realloc
 .text          0x02024134      0x50c /usr/local/openravenscar/sparc-ork-elf/lib/libc.a(reallocr.o)
                0x02024134                _realloc_r
 .text          0x02024640       0x40 /usr/local/openravenscar/sparc-ork-elf/lib/libc.a(rget.o)
                0x02024640                __srget
 .text          0x02024680       0x34 /usr/local/openravenscar/sparc-ork-elf/lib/libc.a(sbrkr.o)
                0x02024680                _sbrk_r
 .text          0x020246b4       0x64 /usr/local/openravenscar/sparc-ork-elf/lib/libc.a(scanf.o)
                0x020246ec                _scanf_r
                0x020246b4                scanf
 .text          0x02024718      0x24c /usr/local/openravenscar/sparc-ork-elf/lib/libc.a(signal.o)
                0x02024774                _signal_r
                0x020247d0                _raise_r
                0x0202486c                __sigtramp_r
                0x02024910                signal
                0x02024930                _init_signal
                0x02024718                _init_signal_r
                0x02024948                __sigtramp
                0x020248f4                raise
 .text          0x02024964       0x4c /usr/local/openravenscar/sparc-ork-elf/lib/libc.a(signalr.o)
                0x02024964                _kill_r
                0x0202499c                _getpid_r
 .text          0x020249b0       0xb4 /usr/local/openravenscar/sparc-ork-elf/lib/libc.a(sprintf.o)
                0x020249b0                _sprintf_r
                0x02024a04                sprintf
 .text          0x02024a64       0x8c /usr/local/openravenscar/sparc-ork-elf/lib/libc.a(strcat.o)
                0x02024a64                strcat
 .text          0x02024af0       0xb8 /usr/local/openravenscar/sparc-ork-elf/lib/libc.a(strcmp.o)
                0x02024af0                strcmp
 .text          0x02024ba8       0x8c /usr/local/openravenscar/sparc-ork-elf/lib/libc.a(strcpy.o)
                0x02024ba8                strcpy
 .text          0x02024c34       0x78 /usr/local/openravenscar/sparc-ork-elf/lib/libc.a(strlen.o)
                0x02024c34                strlen
 .text          0x02024cac       0xcc /usr/local/openravenscar/sparc-ork-elf/lib/libc.a(strncmp.o)
                0x02024cac                strncmp
 .text          0x02024d78       0xd4 /usr/local/openravenscar/sparc-ork-elf/lib/libc.a(strncpy.o)
                0x02024d78                strncpy
 .text          0x02024e4c       0x68 /usr/local/openravenscar/sparc-ork-elf/lib/libc.a(strstr.o)
                0x02024e4c                strstr
 .text          0x02024eb4      0x1f8 /usr/local/openravenscar/sparc-ork-elf/lib/libc.a(strtol.o)
                0x02025088                strtol
                0x02024eb4                _strtol_r
 .text          0x020250ac     0x19c4 /usr/local/openravenscar/sparc-ork-elf/lib/libc.a(vfprintf.o)
                0x020251b0                _vfprintf_r
                0x02025190                vfprintf
 .text          0x02026a70      0xf30 /usr/local/openravenscar/sparc-ork-elf/lib/libc.a(vfscanf.o)
                0x02026a70                __svfscanf
                0x020278c0                __sccl
 .text          0x020279a0      0x10c /usr/local/openravenscar/sparc-ork-elf/lib/libc.a(wbuf.o)
                0x020279a0                __swbuf
 .text          0x02027aac      0x10c /usr/local/openravenscar/sparc-ork-elf/lib/libc.a(wsetup.o)
                0x02027aac                __swsetup
 .text          0x02027bb8       0x18 /usr/local/openravenscar/sparc-ork-elf/lib/libc.a(atof.o)
                0x02027bb8                atof
 .text          0x02027bd0     0x1250 /usr/local/openravenscar/sparc-ork-elf/lib/libc.a(dtoa.o)
                0x02027dbc                _dtoa_r
 .text          0x02028e20       0x10 /usr/local/openravenscar/sparc-ork-elf/lib/libc.a(envlock.o)
                0x02028e28                __env_unlock
                0x02028e20                __env_lock
 .text          0x02028e30       0xf0 /usr/local/openravenscar/sparc-ork-elf/lib/libc.a(fflush.o)
                0x02028e30                fflush
 .text          0x02028f20      0x228 /usr/local/openravenscar/sparc-ork-elf/lib/libc.a(findfp.o)
                0x020290d8                __sinit
                0x02028f7c                __sfmoreglue
                0x020290c0                _cleanup
                0x020290a4                _cleanup_r
                0x02028fd4                __sfp
 .text          0x02029148       0xcc /usr/local/openravenscar/sparc-ork-elf/lib/libc.a(fread.o)
                0x02029148                fread
 .text          0x02029214      0x3c0 /usr/local/openravenscar/sparc-ork-elf/lib/libc.a(freer.o)
                0x02029214                _free_r
                0x020294b0                _malloc_trim_r
 .text          0x020295d4      0x380 /usr/local/openravenscar/sparc-ork-elf/lib/libc.a(fvwrite.o)
                0x020295d4                __sfvwrite
 .text          0x02029954       0x60 /usr/local/openravenscar/sparc-ork-elf/lib/libc.a(fwalk.o)
                0x02029954                _fwalk
 .text          0x020299b4       0xa4 /usr/local/openravenscar/sparc-ork-elf/lib/libc.a(locale.o)
                0x020299b4                _setlocale_r
                0x02029a14                _localeconv_r
                0x02029a20                setlocale
                0x02029a40                localeconv
 .text          0x02029a58      0x144 /usr/local/openravenscar/sparc-ork-elf/lib/libc.a(makebuf.o)
                0x02029a58                __smakebuf
 .text          0x02029b9c       0x58 /usr/local/openravenscar/sparc-ork-elf/lib/libc.a(mbtowc_r.o)
                0x02029b9c                _mbtowc_r
 .text          0x02029bf4       0xd4 /usr/local/openravenscar/sparc-ork-elf/lib/libc.a(memchr.o)
                0x02029bf4                memchr
 .text          0x02029cc8      0x110 /usr/local/openravenscar/sparc-ork-elf/lib/libc.a(memmove.o)
                0x02029cc8                memmove
 .text          0x02029dd8      0xd14 /usr/local/openravenscar/sparc-ork-elf/lib/libc.a(mprec.o)
                0x0202aaa0                _mprec_log10
                0x0202a04c                _hi0bits
                0x02029dd8                _Balloc
                0x0202a8dc                _d2b
                0x0202a1bc                _multiply
                0x0202aa10                _ratio
                0x02029f8c                _s2b
                0x0202a198                _i2b
                0x0202a0cc                _lo0bits
                0x0202a58c                __mcmp
                0x0202a3a8                _pow5mult
                0x0202a750                _ulp
                0x0202a7dc                _b2d
                0x02029ea8                _multadd
                0x0202a5f4                __mdiff
                0x0202a490                _lshift
                0x02029e70                _Bfree
 .text          0x0202aaec      0x19c /usr/local/openravenscar/sparc-ork-elf/lib/libc.a(refill.o)
                0x0202ab00                __srefill
 .text          0x0202ac88       0x38 /usr/local/openravenscar/sparc-ork-elf/lib/libc.a(s_isinf.o)
                0x0202ac88                isinf
 .text          0x0202acc0      0x104 /usr/local/openravenscar/sparc-ork-elf/lib/libc.a(stdio.o)
                0x0202ad5c                __sseek
                0x0202acc0                __sread
                0x0202adac                __sclose
                0x0202ad0c                __swrite
 .text          0x0202adc4      0xedc /usr/local/openravenscar/sparc-ork-elf/lib/libc.a(strtod.o)
                0x0202adc4                _strtod_r
                0x0202bc84                strtodf
                0x0202bc64                strtod
 .text          0x0202bca0      0x1d8 /usr/local/openravenscar/sparc-ork-elf/lib/libc.a(strtoul.o)
                0x0202be54                strtoul
                0x0202bca0                _strtoul_r
 .text          0x0202be78      0x228 /usr/local/openravenscar/sparc-ork-elf/lib/libc.a(ungetc.o)
                0x0202bf28                ungetc
                0x0202be78                __submore
 .text          0x0202c0a0       0x3c /usr/local/openravenscar/sparc-ork-elf/lib/libc.a(writer.o)
                0x0202c0a0                _write_r
 .text          0x0202c0dc       0xa8 /usr/local/openravenscar/sparc-ork-elf/lib/libc.a(callocr.o)
                0x0202c0dc                _calloc_r
 .text          0x0202c184       0x34 /usr/local/openravenscar/sparc-ork-elf/lib/libc.a(closer.o)
                0x0202c184                _close_r
 .text          0x0202c1b8       0x38 /usr/local/openravenscar/sparc-ork-elf/lib/libc.a(fstatr.o)
                0x0202c1b8                _fstat_r
 .text          0x0202c1f0       0x3c /usr/local/openravenscar/sparc-ork-elf/lib/libc.a(lseekr.o)
                0x0202c1f0                _lseek_r
 .text          0x0202c22c       0x3c /usr/local/openravenscar/sparc-ork-elf/lib/libc.a(readr.o)
                0x0202c22c                _read_r
 .text          0x0202c268      0x134 /usr/local/openravenscar/sparc-ork-elf/lib/libork.a(ada_exceptions.o)
                0x0202c268                Instruction_Access_Exception
                0x0202c344                Division_By_Zero
                0x0202c318                Stack_Overflow
                0x0202c294                Illegal_Instruction
                0x0202c370                Integer_Overflow
                0x0202c2ec                FP_Exception
                0x0202c2c0                Address_Not_Aligned
 .text          0x0202c39c       0x1c /usr/local/openravenscar/sparc-ork-elf/lib/libork.a(close.o)
                0x0202c39c                close
 .text          0x0202c3b8       0x30 /usr/local/openravenscar/sparc-ork-elf/lib/libork.a(execv.o)
                0x0202c3b8                execv
 .text          0x0202c3e8       0x28 /usr/local/openravenscar/sparc-ork-elf/lib/libork.a(fork.o)
                0x0202c3e8                fork
 .text          0x0202c410       0x30 /usr/local/openravenscar/sparc-ork-elf/lib/libork.a(fstat.o)
                0x0202c410                fstat
 .text          0x0202c440       0x30 /usr/local/openravenscar/sparc-ork-elf/lib/libork.a(getcwd.o)
                0x0202c440                getcwd
 .text          0x0202c470       0x30 /usr/local/openravenscar/sparc-ork-elf/lib/libork.a(getpid.o)
                0x0202c470                getpid
                0x0202c488                getppid
 .text          0x0202c4a0       0x84 /usr/local/openravenscar/sparc-ork-elf/lib/libork.a(isatty.o)
                0x0202c4a0                isatty
 .text          0x0202c524       0x3c /usr/local/openravenscar/sparc-ork-elf/lib/libork.a(kill.o)
                0x0202c524                kill
 .text          0x0202c560       0x30 /usr/local/openravenscar/sparc-ork-elf/lib/libork.a(link.o)
                0x0202c560                link
 .text          0x0202c590       0x34 /usr/local/openravenscar/sparc-ork-elf/lib/libork.a(lseek.o)
                0x0202c590                lseek
 .text          0x0202c5c4       0x34 /usr/local/openravenscar/sparc-ork-elf/lib/libork.a(open.o)
                0x0202c5c4                open
 .text          0x0202c5f8      0x148 /usr/local/openravenscar/sparc-ork-elf/lib/libork.a(read.o)
                0x0202c5f8                read
 .text          0x0202c740       0x34 /usr/local/openravenscar/sparc-ork-elf/lib/libork.a(readdir.o)
                0x0202c740                readdir
 .text          0x0202c774       0x20 /usr/local/openravenscar/sparc-ork-elf/lib/libork.a(mkdir.o)
                0x0202c774                mkdir
 .text          0x0202c794       0xb0 /usr/local/openravenscar/sparc-ork-elf/lib/libork.a(sbrk.o)
                0x0202c794                sbrk
 .text          0x0202c844       0x30 /usr/local/openravenscar/sparc-ork-elf/lib/libork.a(stat.o)
                0x0202c844                stat
 .text          0x0202c874       0x2c /usr/local/openravenscar/sparc-ork-elf/lib/libork.a(unlink.o)
                0x0202c874                unlink
 .text          0x0202c8a0       0x2c /usr/local/openravenscar/sparc-ork-elf/lib/libork.a(wait.o)
                0x0202c8a0                wait
 .text          0x0202c8cc       0xec /usr/local/openravenscar/sparc-ork-elf/lib/libork.a(write.o)
                0x0202c8cc                write
 *fill*         0x0202c9b8        0x8
                0x0202c9c0                .=ALIGN(0x10)
 *(.eh_frame)
 .eh_frame      0x0202c9c0      0x11c /usr/local/openravenscar/lib/gcc-lib/sparc-ork-elf/2.8.1/adalib/libgnat.a(a-init.o)
 .eh_frame      0x0202cadc       0x24 /usr/local/openravenscar/lib/gcc-lib/sparc-ork-elf/2.8.1/libgcc.a(__dummy.o)
 .eh_frame      0x0202cb00       0x24 /usr/local/openravenscar/lib/gcc-lib/sparc-ork-elf/2.8.1/libgcc.a(_ashldi3.o)
 .eh_frame      0x0202cb24       0x24 /usr/local/openravenscar/lib/gcc-lib/sparc-ork-elf/2.8.1/libgcc.a(_cmpdi2.o)
 .eh_frame      0x0202cb48       0x2c /usr/local/openravenscar/lib/gcc-lib/sparc-ork-elf/2.8.1/libgcc.a(_divdi3.o)
 .eh_frame      0x0202cb74       0x2c /usr/local/openravenscar/lib/gcc-lib/sparc-ork-elf/2.8.1/libgcc.a(_fixsfdi.o)
 .eh_frame      0x0202cba0       0x2c /usr/local/openravenscar/lib/gcc-lib/sparc-ork-elf/2.8.1/libgcc.a(_fixunsdfdi.o)
 .eh_frame      0x0202cbcc       0x2c /usr/local/openravenscar/lib/gcc-lib/sparc-ork-elf/2.8.1/libgcc.a(_fixunssfdi.o)
 .eh_frame      0x0202cbf8       0x28 /usr/local/openravenscar/lib/gcc-lib/sparc-ork-elf/2.8.1/libgcc.a(_floatdidf.o)
 .eh_frame      0x0202cc20       0x28 /usr/local/openravenscar/lib/gcc-lib/sparc-ork-elf/2.8.1/libgcc.a(_floatdisf.o)
 .eh_frame      0x0202cc48       0x24 /usr/local/openravenscar/lib/gcc-lib/sparc-ork-elf/2.8.1/libgcc.a(_lshrdi3.o)
 .eh_frame      0x0202cc6c       0x2c /usr/local/openravenscar/lib/gcc-lib/sparc-ork-elf/2.8.1/libgcc.a(_muldi3.o)
 .eh_frame      0x0202cc98       0x2c /usr/local/openravenscar/lib/gcc-lib/sparc-ork-elf/2.8.1/libgcc.a(_udivdi3.o)
 .eh_frame      0x0202ccc4       0x2c /usr/local/openravenscar/lib/gcc-lib/sparc-ork-elf/2.8.1/libgcc.a(_umoddi3.o)
 .eh_frame      0x0202ccf0      0x11c /usr/local/openravenscar/lib/gcc-lib/sparc-ork-elf/2.8.1/libgcc.a(frame.o)
 *fill*         0x0202ce0c        0x4
                0x0202ce10                .=ALIGN(0x10)
 *(.rodata)
 .rodata        0x0202ce10      0x23c ./devices.o
 *fill*         0x0202d04c        0x4
 .rodata        0x0202d050       0x4c ./workload.o
 *fill*         0x0202d09c        0x4
 .rodata        0x0202d0a0       0x52 ./tools.o
 *fill*         0x0202d0f2        0x6
 .rodata        0x0202d0f8       0x7a ./add.o
 *fill*         0x0202d172        0x2
 .rodata        0x0202d174        0x8 /usr/local/openravenscar/lib/gcc-lib/sparc-ork-elf/2.8.1/adalib/libgnarl.a(a-reatim.o)
 .rodata        0x0202d17c        0x8 /usr/local/openravenscar/lib/gcc-lib/sparc-ork-elf/2.8.1/adalib/libgnarl.a(a-retide.o)
 *fill*         0x0202d184        0x4
 .rodata        0x0202d188       0x24 /usr/local/openravenscar/lib/gcc-lib/sparc-ork-elf/2.8.1/adalib/libgnarl.a(s-taprob.o)
 *fill*         0x0202d1ac        0x4
 .rodata        0x0202d1b0       0xd0 /usr/local/openravenscar/lib/gcc-lib/sparc-ork-elf/2.8.1/adalib/libgnarl.a(s-taprop.o)
 .rodata        0x0202d280       0x50 /usr/local/openravenscar/lib/gcc-lib/sparc-ork-elf/2.8.1/adalib/libgnarl.a(s-tarest.o)
 .rodata        0x0202d2d0      0x14a /usr/local/openravenscar/lib/gcc-lib/sparc-ork-elf/2.8.1/adalib/libgnarl.a(s-tasdeb.o)
 *fill*         0x0202d41a        0x2
 .rodata        0x0202d41c      0x300 /usr/local/openravenscar/lib/gcc-lib/sparc-ork-elf/2.8.1/adalib/libgnarl.a(s-taskin.o)
 .rodata        0x0202d71c        0x8 /usr/local/openravenscar/lib/gcc-lib/sparc-ork-elf/2.8.1/adalib/libgnarl.a(kernel-interrupts.o)
 .rodata        0x0202d724        0x4 /usr/local/openravenscar/lib/gcc-lib/sparc-ork-elf/2.8.1/adalib/libgnarl.a(kernel-threads-queues.o)
 .rodata        0x0202d728       0x7c /usr/local/openravenscar/lib/gcc-lib/sparc-ork-elf/2.8.1/adalib/libgnarl.a(kernel-peripherals.o)
 *fill*         0x0202d7a4        0x4
 .rodata        0x0202d7a8      0x184 /usr/local/openravenscar/lib/gcc-lib/sparc-ork-elf/2.8.1/adalib/libgnat.a(a-except.o)
 *fill*         0x0202d92c        0x4
 .rodata        0x0202d930        0xd /usr/local/openravenscar/lib/gcc-lib/sparc-ork-elf/2.8.1/adalib/libgnat.a(a-finali.o)
 *fill*         0x0202d93d        0x3
 .rodata        0x0202d940      0x82c /usr/local/openravenscar/lib/gcc-lib/sparc-ork-elf/2.8.1/adalib/libgnat.a(a-nuelfu.o)
 *fill*         0x0202e16c        0x4
 .rodata        0x0202e170       0x42 /usr/local/openravenscar/lib/gcc-lib/sparc-ork-elf/2.8.1/adalib/libgnat.a(a-tags.o)
 *fill*         0x0202e1b2        0x6
 .rodata        0x0202e1b8        0xd /usr/local/openravenscar/lib/gcc-lib/sparc-ork-elf/2.8.1/adalib/libgnat.a(g-except.o)
 *fill*         0x0202e1c5        0x3
 .rodata        0x0202e1c8       0xab /usr/local/openravenscar/lib/gcc-lib/sparc-ork-elf/2.8.1/adalib/libgnat.a(i-c.o)
 *fill*         0x0202e273        0x5
 .rodata        0x0202e278       0x24 /usr/local/openravenscar/lib/gcc-lib/sparc-ork-elf/2.8.1/adalib/libgnat.a(s-arit64.o)
 *fill*         0x0202e29c        0x4
 .rodata        0x0202e2a0        0x5 /usr/local/openravenscar/lib/gcc-lib/sparc-ork-elf/2.8.1/adalib/libgnat.a(s-exctab.o)
 *fill*         0x0202e2a5        0x3
 .rodata        0x0202e2a8       0x40 /usr/local/openravenscar/lib/gcc-lib/sparc-ork-elf/2.8.1/adalib/libgnat.a(s-exnflt.o)
 .rodata        0x0202e2e8       0xd0 /usr/local/openravenscar/lib/gcc-lib/sparc-ork-elf/2.8.1/adalib/libgnat.a(s-fatflt.o)
                0x0202e320                system__fat_flt__fat_float__r_neg_power
                0x0202e2e8                system__fat_flt__fat_float__log_power
                0x0202e304                system__fat_flt__fat_float__r_power
 .rodata        0x0202e3b8       0x68 /usr/local/openravenscar/lib/gcc-lib/sparc-ork-elf/2.8.1/adalib/libgnat.a(s-finimp.o)
 .rodata        0x0202e420       0x47 /usr/local/openravenscar/lib/gcc-lib/sparc-ork-elf/2.8.1/adalib/libgnat.a(s-finroo.o)
 *fill*         0x0202e467        0x1
 .rodata        0x0202e468        0x8 /usr/local/openravenscar/lib/gcc-lib/sparc-ork-elf/2.8.1/adalib/libgnat.a(s-imgint.o)
 .rodata        0x0202e470       0x58 /usr/local/openravenscar/lib/gcc-lib/sparc-ork-elf/2.8.1/adalib/libgnat.a(s-imgrea.o)
 .rodata        0x0202e4c8        0x8 /usr/local/openravenscar/lib/gcc-lib/sparc-ork-elf/2.8.1/adalib/libgnat.a(s-imguns.o)